Component: ARM Compiler 5.06 update 6 (build 750) Tool: armlink [4d35ed]

==============================================================================

Section Cross References

    startup_stm32f429xx.o(RESET) refers to startup_stm32f429xx.o(STACK) for __initial_sp
    startup_stm32f429xx.o(RESET) refers to startup_stm32f429xx.o(.text) for Reset_Handler
    startup_stm32f429xx.o(RESET) refers to stm32f4xx_it.o(i.NMI_Handler) for NMI_Handler
    startup_stm32f429xx.o(RESET) refers to context_rvds.o(.text) for HardFault_Handler
    startup_stm32f429xx.o(RESET) refers to stm32f4xx_it.o(i.MemManage_Handler) for MemManage_Handler
    startup_stm32f429xx.o(RESET) refers to stm32f4xx_it.o(i.BusFault_Handler) for BusFault_Handler
    startup_stm32f429xx.o(RESET) refers to stm32f4xx_it.o(i.UsageFault_Handler) for UsageFault_Handler
    startup_stm32f429xx.o(RESET) refers to stm32f4xx_it.o(i.DebugMon_Handler) for DebugMon_Handler
    startup_stm32f429xx.o(RESET) refers to board.o(i.SysTick_Handler) for SysTick_Handler
    startup_stm32f429xx.o(.text) refers to system_stm32f4xx.o(i.SystemInit) for SystemInit
    startup_stm32f429xx.o(.text) refers to entry.o(.ARM.Collect$$$$00000000) for __main
    main.o(i.SystemClock_Config) refers to memseta.o(.text) for __aeabi_memclr4
    main.o(i.SystemClock_Config) refers to stm32f4xx_hal_rcc.o(i.HAL_RCC_OscConfig) for HAL_RCC_OscConfig
    main.o(i.SystemClock_Config) refers to stm32f4xx_hal_rcc.o(i.HAL_RCC_ClockConfig) for HAL_RCC_ClockConfig
    main.o(i.main) refers to stm32f4xx_hal.o(i.HAL_Init) for HAL_Init
    main.o(i.main) refers to main.o(i.SystemClock_Config) for SystemClock_Config
    main.o(i.main) refers to gpio.o(i.MX_GPIO_Init) for MX_GPIO_Init
    main.o(i.main) refers to usart.o(i.MX_USART1_UART_Init) for MX_USART1_UART_Init
    main.o(i.main) refers to kservice.o(i.rt_kprintf) for rt_kprintf
    main.o(i.main) refers to kservice.o(i.rt_show_version) for rt_show_version
    main.o(i.main) refers to ipc.o(i.rt_event_create) for rt_event_create
    main.o(i.main) refers to thread.o(i.rt_thread_create) for rt_thread_create
    main.o(i.main) refers to thread.o(i.rt_thread_startup) for rt_thread_startup
    main.o(i.main) refers to main.o(.data) for .data
    main.o(i.main) refers to main.o(i.receive_thread_entry) for receive_thread_entry
    main.o(i.main) refers to main.o(i.send_thread_entry) for send_thread_entry
    main.o(i.receive_thread_entry) refers to ipc.o(i.rt_event_recv) for rt_event_recv
    main.o(i.receive_thread_entry) refers to kservice.o(i.rt_kprintf) for rt_kprintf
    main.o(i.receive_thread_entry) refers to stm32f4xx_hal_gpio.o(i.HAL_GPIO_TogglePin) for HAL_GPIO_TogglePin
    main.o(i.receive_thread_entry) refers to main.o(.data) for .data
    main.o(i.send_thread_entry) refers to stm32f4xx_hal_gpio.o(i.HAL_GPIO_ReadPin) for HAL_GPIO_ReadPin
    main.o(i.send_thread_entry) refers to kservice.o(i.rt_kprintf) for rt_kprintf
    main.o(i.send_thread_entry) refers to ipc.o(i.rt_event_send) for rt_event_send
    main.o(i.send_thread_entry) refers to thread.o(i.rt_thread_delay) for rt_thread_delay
    main.o(i.send_thread_entry) refers to main.o(.data) for .data
    gpio.o(i.MX_GPIO_Init) refers to memseta.o(.text) for __aeabi_memclr4
    gpio.o(i.MX_GPIO_Init) refers to stm32f4xx_hal_gpio.o(i.HAL_GPIO_WritePin) for HAL_GPIO_WritePin
    gpio.o(i.MX_GPIO_Init) refers to stm32f4xx_hal_gpio.o(i.HAL_GPIO_Init) for HAL_GPIO_Init
    usart.o(i.HAL_UART_MspDeInit) refers to stm32f4xx_hal_gpio.o(i.HAL_GPIO_DeInit) for HAL_GPIO_DeInit
    usart.o(i.HAL_UART_MspInit) refers to memseta.o(.text) for __aeabi_memclr4
    usart.o(i.HAL_UART_MspInit) refers to stm32f4xx_hal_gpio.o(i.HAL_GPIO_Init) for HAL_GPIO_Init
    usart.o(i.MX_USART1_UART_Init) refers to stm32f4xx_hal_uart.o(i.HAL_UART_Init) for HAL_UART_Init
    usart.o(i.MX_USART1_UART_Init) refers to main.o(i.Error_Handler) for Error_Handler
    usart.o(i.MX_USART1_UART_Init) refers to usart.o(.bss) for .bss
    system_stm32f4xx.o(i.SystemCoreClockUpdate) refers to system_stm32f4xx.o(.data) for .data
    system_stm32f4xx.o(i.SystemCoreClockUpdate) refers to system_stm32f4xx.o(.constdata) for .constdata
    stm32f4xx_hal_rcc.o(i.HAL_RCC_ClockConfig) refers to stm32f4xx_hal.o(i.HAL_GetTick) for HAL_GetTick
    stm32f4xx_hal_rcc.o(i.HAL_RCC_ClockConfig) refers to stm32f4xx_hal_rcc.o(i.HAL_RCC_GetSysClockFreq) for HAL_RCC_GetSysClockFreq
    stm32f4xx_hal_rcc.o(i.HAL_RCC_ClockConfig) refers to stm32f4xx_hal.o(i.HAL_InitTick) for HAL_InitTick
    stm32f4xx_hal_rcc.o(i.HAL_RCC_ClockConfig) refers to system_stm32f4xx.o(.constdata) for AHBPrescTable
    stm32f4xx_hal_rcc.o(i.HAL_RCC_ClockConfig) refers to system_stm32f4xx.o(.data) for SystemCoreClock
    stm32f4xx_hal_rcc.o(i.HAL_RCC_ClockConfig) refers to stm32f4xx_hal.o(.data) for uwTickPrio
    stm32f4xx_hal_rcc.o(i.HAL_RCC_GetHCLKFreq) refers to system_stm32f4xx.o(.data) for SystemCoreClock
[...]
    Removing stm32f4xx_hal_uart.o(i.HAL_UART_Transmit_DMA), (140 bytes).
    Removing stm32f4xx_hal_uart.o(i.HAL_UART_Transmit_IT), (62 bytes).
    Removing stm32f4xx_hal_uart.o(i.HAL_UART_TxCpltCallback), (2 bytes).
    Removing stm32f4xx_hal_uart.o(i.HAL_UART_TxHalfCpltCallback), (2 bytes).
    Removing stm32f4xx_hal_uart.o(i.UART_DMAAbortOnError), (16 bytes).
    Removing stm32f4xx_hal_uart.o(i.UART_DMAError), (74 bytes).
    Removing stm32f4xx_hal_uart.o(i.UART_DMAReceiveCplt), (130 bytes).
    Removing stm32f4xx_hal_uart.o(i.UART_DMARxAbortCallback), (44 bytes).
    Removing stm32f4xx_hal_uart.o(i.UART_DMARxHalfCplt), (26 bytes).
    Removing stm32f4xx_hal_uart.o(i.UART_DMARxOnlyAbortCallback), (22 bytes).
    Removing stm32f4xx_hal_uart.o(i.UART_DMATransmitCplt), (66 bytes).
    Removing stm32f4xx_hal_uart.o(i.UART_DMATxAbortCallback), (44 bytes).
    Removing stm32f4xx_hal_uart.o(i.UART_DMATxHalfCplt), (10 bytes).
    Removing stm32f4xx_hal_uart.o(i.UART_DMATxOnlyAbortCallback), (20 bytes).
    Removing stm32f4xx_hal_uart.o(i.UART_EndRxTransfer), (78 bytes).
    Removing stm32f4xx_hal_uart.o(i.UART_EndTxTransfer), (28 bytes).
    Removing stm32f4xx_hal_uart.o(i.UART_Receive_IT), (192 bytes).
    Removing stm32f4xx_hal_uart.o(i.UART_Start_Receive_DMA), (144 bytes).
    Removing stm32f4xx_hal_uart.o(i.UART_Start_Receive_IT), (54 bytes).
    Removing clock.o(i.rt_system_tick_init), (2 bytes).
    Removing clock.o(i.rt_tick_from_millisecond), (50 bytes).
    Removing clock.o(i.rt_tick_set), (24 bytes).
    Removing idle.o(i.rt_thread_idle_gethandler), (8 bytes).
    Removing ipc.o(i.rt_event_control), (46 bytes).
    Removing ipc.o(i.rt_event_delete), (20 bytes).
    Removing ipc.o(i.rt_event_detach), (20 bytes).
    Removing ipc.o(i.rt_event_init), (30 bytes).
    Removing ipc.o(i.rt_ipc_list_resume_all), (44 bytes).
    Removing ipc.o(i.rt_mq_control), (80 bytes).
    Removing ipc.o(i.rt_mq_create), (120 bytes).
    Removing ipc.o(i.rt_mq_delete), (34 bytes).
    Removing ipc.o(i.rt_mq_detach), (28 bytes).
    Removing ipc.o(i.rt_mq_init), (104 bytes).
    Removing ipc.o(i.rt_mq_recv), (274 bytes).
    Removing ipc.o(i.rt_mq_send), (6 bytes).
    Removing ipc.o(i.rt_mq_send_wait), (280 bytes).
    Removing ipc.o(i.rt_mq_urgent), (136 bytes).
    Removing ipc.o(i.rt_mutex_control), (6 bytes).
    Removing ipc.o(i.rt_mutex_create), (42 bytes).
    Removing ipc.o(i.rt_mutex_delete), (20 bytes).
    Removing ipc.o(i.rt_mutex_detach), (20 bytes).
    Removing ipc.o(i.rt_mutex_init), (40 bytes).
    Removing ipc.o(i.rt_mutex_release), (164 bytes).
    Removing ipc.o(i.rt_mutex_take), (188 bytes).
    Removing ipc.o(i.rt_sem_control), (46 bytes).
    Removing ipc.o(i.rt_sem_create), (32 bytes).
    Removing ipc.o(i.rt_sem_delete), (20 bytes).
    Removing ipc.o(i.rt_sem_detach), (20 bytes).
    Removing ipc.o(i.rt_sem_trytake), (6 bytes).
    Removing irq.o(i.rt_interrupt_get_nest), (24 bytes).
    Removing kservice.o(i._rt_errno), (28 bytes).
    Removing kservice.o(i.rt_free_align), (8 bytes).
    Removing kservice.o(i.rt_get_errno), (28 bytes).
    Removing kservice.o(i.rt_hw_console_output), (2 bytes).
    Removing kservice.o(i.rt_kputs), (12 bytes).
    Removing kservice.o(i.rt_malloc_align), (50 bytes).
    Removing kservice.o(i.rt_memcmp), (28 bytes).
    Removing kservice.o(i.rt_memcpy), (74 bytes).
    Removing kservice.o(i.rt_memmove), (50 bytes).
    Removing kservice.o(i.rt_set_errno), (32 bytes).
    Removing kservice.o(i.rt_snprintf), (18 bytes).
    Removing kservice.o(i.rt_sprintf), (18 bytes).
    Removing kservice.o(i.rt_strcasecmp), (44 bytes).
    Removing kservice.o(i.rt_strcmp), (24 bytes).
    Removing kservice.o(i.rt_strdup), (36 bytes).
    Removing kservice.o(i.rt_strncmp), (32 bytes).
    Removing kservice.o(i.rt_strnlen), (20 bytes).
    Removing kservice.o(i.rt_strstr), (54 bytes).
    Removing kservice.o(i.rt_vsprintf), (12 bytes).
    Removing kservice.o(.data), (4 bytes).
    Removing mem.o(i.rt_calloc), (26 bytes).
    Removing mem.o(i.rt_memory_info), (32 bytes).
    Removing mem.o(i.rt_realloc), (212 bytes).
    Removing object.o(i.rt_object_find), (72 bytes).
    Removing object.o(i.rt_object_get_length), (46 bytes).
    Removing object.o(i.rt_object_get_pointers), (70 bytes).
    Removing object.o(i.rt_object_get_type), (8 bytes).
    Removing object.o(i.rt_system_object_init), (2 bytes).
    Removing scheduler.o(i.rt_critical_level), (12 bytes).
    Removing thread.o(i.rt_thread_control), (118 bytes).
    Removing thread.o(i.rt_thread_delay_until), (112 bytes).
    Removing thread.o(i.rt_thread_delete), (76 bytes).
    Removing thread.o(i.rt_thread_detach), (96 bytes).
    Removing thread.o(i.rt_thread_find), (6 bytes).
    Removing thread.o(i.rt_thread_mdelay), (14 bytes).
    Removing timer.o(i.rt_timer_create), (46 bytes).
    Removing timer.o(i.rt_timer_delete), (40 bytes).
    Removing timer.o(i.rt_timer_next_timeout_tick), (32 bytes).
    Removing cpuport.o(i.rt_hw_cpu_reset), (16 bytes).
    Removing cpuport.o(i.rt_hw_cpu_shutdown), (24 bytes).
    Removing cpuport.o(i.rt_hw_exception_install), (12 bytes).
    Removing board.o(.rev16_text), (4 bytes).
    Removing board.o(.revsh_text), (4 bytes).
    Removing board.o(.rrx_text), (6 bytes).

347 unused section(s) (total 20552 bytes) removed from the image.

==============================================================================

Image Symbol Table

    Local Symbols

    Symbol Name                              Value     Ov Type        Size  Object(Section)

    ../Core/Src/gpio.c                       0x00000000   Number         0  gpio.o ABSOLUTE
    ../Core/Src/main.c                       0x00000000   Number         0  main.o ABSOLUTE
    ../Core/Src/stm32f4xx_hal_msp.c          0x00000000   Number         0  stm32f4xx_hal_msp.o ABSOLUTE
    ../Core/Src/stm32f4xx_it.c               0x00000000   Number         0  stm32f4xx_it.o ABSOLUTE
    ../Core/Src/system_stm32f4xx.c           0x00000000   Number         0  system_stm32f4xx.o ABSOLUTE
    ../Core/Src/usart.c                      0x00000000   Number         0  usart.o ABSOLUTE
    ../clib/microlib/division.c              0x00000000   Number         0  uldiv.o ABSOLUTE
    ../clib/microlib/init/entry.s            0x00000000   Number         0  entry7b.o ABSOLUTE
    ../clib/microlib/init/entry.s            0x00000000   Number         0  entry8a.o ABSOLUTE
    ../clib/microlib/init/entry.s            0x00000000   Number         0  entry8b.o ABSOLUTE
    ../clib/microlib/init/entry.s            0x00000000   Number         0  entry9a.o ABSOLUTE
    ../clib/microlib/init/entry.s            0x00000000   Number         0  entry9b.o ABSOLUTE
    ../clib/microlib/init/entry.s            0x00000000   Number         0  entry10a.o ABSOLUTE
    ../clib/microlib/init/entry.s            0x00000000   Number         0  entry10b.o ABSOLUTE
    ../clib/microlib/init/entry.s            0x00000000   Number         0  entry11a.o ABSOLUTE
    ../clib/microlib/init/entry.s            0x00000000   Number         0  entry11b.o ABSOLUTE
    ../clib/microlib/init/entry.s            0x00000000   Number         0  entry2.o ABSOLUTE
    ../clib/microlib/init/entry.s            0x00000000   Number         0  entry.o ABSOLUTE
    ../clib/microlib/init/entry.s            0x00000000   Number         0  entry5.o ABSOLUTE
    ../clib/microlib/init/entry.s            0x00000000   Number         0  entry7a.o ABSOLUTE
    ../clib/microlib/longlong.c              0x00000000   Number         0  llshl.o ABSOLUTE
    ../clib/microlib/longlong.c              0x00000000   Number         0  llushr.o ABSOLUTE
    ../clib/microlib/string/memset.c         0x00000000   Number         0  memseta.o ABSOLUTE
    ..\Core\Src\gpio.c                       0x00000000   Number         0  gpio.o ABSOLUTE
    ..\Core\Src\main.c                       0x00000000   Number         0  main.o ABSOLUTE
    ..\Core\Src\stm32f4xx_hal_msp.c          0x00000000   Number         0  stm32f4xx_hal_msp.o ABSOLUTE
    ..\Core\Src\stm32f4xx_it.c               0x00000000   Number         0  stm32f4xx_it.o ABSOLUTE
    ..\Core\Src\system_stm32f4xx.c           0x00000000   Number         0  system_stm32f4xx.o ABSOLUTE
    ..\Core\Src\usart.c                      0x00000000   Number         0  usart.o ABSOLUTE
    C:/Users/WuTong/STM32Cube/Repository//Packs/RealThread/RT-Thread/3.1.5/bsp/_template/cubemx_config/board.c 0x00000000   Number         0  board.o ABSOLUTE
    C:/Users/WuTong/STM32Cube/Repository//Packs/RealThread/RT-Thread/3.1.5/libcpu/arm/cortex-m4/context_rvds.S 0x00000000   Number         0  context_rvds.o ABSOLUTE
    C:/Users/WuTong/STM32Cube/Repository//Packs/RealThread/RT-Thread/3.1.5/libcpu/arm/cortex-m4/cpuport.c 0x00000000   Number         0  cpuport.o ABSOLUTE
    C:/Users/WuTong/STM32Cube/Repository//Packs/RealThread/RT-Thread/3.1.5/src/clock.c 0x00000000   Number         0  clock.o ABSOLUTE
    C:/Users/WuTong/STM32Cube/Repository//Packs/RealThread/RT-Thread/3.1.5/src/components.c 0x00000000   Number         0  components.o ABSOLUTE
    C:/Users/WuTong/STM32Cube/Repository//Packs/RealThread/RT-Thread/3.1.5/src/cpu.c 0x00000000   Number         0  cpu.o ABSOLUTE
    C:/Users/WuTong/STM32Cube/Repository//Packs/RealThread/RT-Thread/3.1.5/src/idle.c 0x00000000   Number         0  idle.o ABSOLUTE
    C:/Users/WuTong/STM32Cube/Repository//Packs/RealThread/RT-Thread/3.1.5/src/ipc.c 0x00000000   Number         0  ipc.o ABSOLUTE
    C:/Users/WuTong/STM32Cube/Repository//Packs/RealThread/RT-Thread/3.1.5/src/irq.c 0x00000000   Number         0  irq.o ABSOLUTE
    C:/Users/WuTong/STM32Cube/Repository//Packs/RealThread/RT-Thread/3.1.5/src/kservice.c 0x00000000   Number         0  kservice.o ABSOLUTE
    C:/Users/WuTong/STM32Cube/Repository//Packs/RealThread/RT-Thread/3.1.5/src/mem.c 0x00000000   Number         0  mem.o ABSOLUTE
    C:/Users/WuTong/STM32Cube/Repository//Packs/RealThread/RT-Thread/3.1.5/src/memheap.c 0x00000000   Number         0  memheap.o ABSOLUTE
    C:/Users/WuTong/STM32Cube/Repository//Packs/RealThread/RT-Thread/3.1.5/src/mempool.c 0x00000000   Number         0  mempool.o ABSOLUTE
    C:/Users/WuTong/STM32Cube/Repository//Packs/RealThread/RT-Thread/3.1.5/src/object.c 0x00000000   Number         0  object.o ABSOLUTE
    C:/Users/WuTong/STM32Cube/Repository//Packs/RealThread/RT-Thread/3.1.5/src/scheduler.c 0x00000000   Number         0  scheduler.o ABSOLUTE
    C:/Users/WuTong/STM32Cube/Repository//Packs/RealThread/RT-Thread/3.1.5/src/slab.c 0x00000000   Number         0  slab.o ABSOLUTE
    C:/Users/WuTong/STM32Cube/Repository//Packs/RealThread/RT-Thread/3.1.5/src/thread.c 0x00000000   Number         0  thread.o ABSOLUTE
    C:/Users/WuTong/STM32Cube/Repository//Packs/RealThread/RT-Thread/3.1.5/src/timer.c 0x00000000   Number         0  timer.o ABSOLUTE
    C:/Users/WuTong/STM32Cube/Repository/STM32Cube_FW_F4_V1.26.2/Drivers/STM32F4xx_HAL_Driver/Src/stm32f4xx_hal.c 0x00000000   Number         0  stm32f4xx_hal.o ABSOLUTE
    C:/Users/WuTong/STM32Cube/Repository/STM32Cube_FW_F4_V1.26.2/Drivers/STM32F4xx_HAL_Driver/Src/stm32f4xx_hal_cortex.c 0x00000000   Number         0  stm32f4xx_hal_cortex.o ABSOLUTE
    C:/Users/WuTong/STM32Cube/Repository/STM32Cube_FW_F4_V1.26.2/Drivers/STM32F4xx_HAL_Driver/Src/stm32f4xx_hal_dma.c 0x00000000   Number         0  stm32f4xx_hal_dma.o ABSOLUTE
    C:/Users/WuTong/STM32Cube/Repository/STM32Cube_FW_F4_V1.26.2/Drivers/STM32F4xx_HAL_Driver/Src/stm32f4xx_hal_dma_ex.c 0x00000000   Number         0  stm32f4xx_hal_dma_ex.o ABSOLUTE
    C:/Users/WuTong/STM32Cube/Repository/STM32Cube_FW_F4_V1.26.2/Drivers/STM32F4xx_HAL_Driver/Src/stm32f4xx_hal_exti.c 0x00000000   Number         0  stm32f4xx_hal_exti.o ABSOLUTE
    C:/Users/WuTong/STM32Cube/Repository/STM32Cube_FW_F4_V1.26.2/Drivers/STM32F4xx_HAL_Driver/Src/stm32f4xx_hal_flash.c 0x00000000   Number         0  stm32f4xx_hal_flash.o ABSOLUTE
    C:/Users/WuTong/STM32Cube/Repository/STM32Cube_FW_F4_V1.26.2/Drivers/STM32F4xx_HAL_Driver/Src/stm32f4xx_hal_flash_ex.c 0x00000000   Number         0  stm32f4xx_hal_flash_ex.o ABSOLUTE
    C:/Users/WuTong/STM32Cube/Repository/STM32Cube_FW_F4_V1.26.2/Drivers/STM32F4xx_HAL_Driver/Src/stm32f4xx_hal_flash_ramfunc.c 0x00000000   Number         0  stm32f4xx_hal_flash_ramfunc.o ABSOLUTE
    C:/Users/WuTong/STM32Cube/Repository/STM32Cube_FW_F4_V1.26.2/Drivers/STM32F4xx_HAL_Driver/Src/stm32f4xx_hal_gpio.c 0x00000000   Number         0  stm32f4xx_hal_gpio.o ABSOLUTE
    C:/Users/WuTong/STM32Cube/Repository/STM32Cube_FW_F4_V1.26.2/Drivers/STM32F4xx_HAL_Driver/Src/stm32f4xx_hal_pwr.c 0x00000000   Number         0  stm32f4xx_hal_pwr.o ABSOLUTE
    C:/Users/WuTong/STM32Cube/Repository/STM32Cube_FW_F4_V1.26.2/Drivers/STM32F4xx_HAL_Driver/Src/stm32f4xx_hal_pwr_ex.c 0x00000000   Number         0  stm32f4xx_hal_pwr_ex.o ABSOLUTE
    C:/Users/WuTong/STM32Cube/Repository/STM32Cube_FW_F4_V1.26.2/Drivers/STM32F4xx_HAL_Driver/Src/stm32f4xx_hal_rcc.c 0x00000000   Number         0  stm32f4xx_hal_rcc.o ABSOLUTE
    C:/Users/WuTong/STM32Cube/Repository/STM32Cube_FW_F4_V1.26.2/Drivers/STM32F4xx_HAL_Driver/Src/stm32f4xx_hal_rcc_ex.c 0x00000000   Number         0  stm32f4xx_hal_rcc_ex.o ABSOLUTE
    C:/Users/WuTong/STM32Cube/Repository/STM32Cube_FW_F4_V1.26.2/Drivers/STM32F4xx_HAL_Driver/Src/stm32f4xx_hal_tim.c 0x00000000   Number         0  stm32f4xx_hal_tim.o ABSOLUTE
    C:/Users/WuTong/STM32Cube/Repository/STM32Cube_FW_F4_V1.26.2/Drivers/STM32F4xx_HAL_Driver/Src/stm32f4xx_hal_tim_ex.c 0x00000000   Number         0  stm32f4xx_hal_tim_ex.o ABSOLUTE
    C:/Users/WuTong/STM32Cube/Repository/STM32Cube_FW_F4_V1.26.2/Drivers/STM32F4xx_HAL_Driver/Src/stm32f4xx_hal_uart.c 0x00000000   Number         0  stm32f4xx_hal_uart.o ABSOLUTE
    C:\Users\WuTong\STM32Cube\Repository\STM32Cube_FW_F4_V1.26.2\Drivers\STM32F4xx_HAL_Driver\Src\stm32f4xx_hal.c 0x00000000   Number         0  stm32f4xx_hal.o ABSOLUTE
    C:\Users\WuTong\STM32Cube\Repository\STM32Cube_FW_F4_V1.26.2\Drivers\STM32F4xx_HAL_Driver\Src\stm32f4xx_hal_cortex.c 0x00000000   Number         0  stm32f4xx_hal_cortex.o ABSOLUTE
    C:\Users\WuTong\STM32Cube\Repository\STM32Cube_FW_F4_V1.26.2\Drivers\STM32F4xx_HAL_Driver\Src\stm32f4xx_hal_dma.c 0x00000000   Number         0  stm32f4xx_hal_dma.o ABSOLUTE
    C:\Users\WuTong\STM32Cube\Repository\STM32Cube_FW_F4_V1.26.2\Drivers\STM32F4xx_HAL_Driver\Src\stm32f4xx_hal_dma_ex.c 0x00000000   Number         0  stm32f4xx_hal_dma_ex.o ABSOLUTE
    C:\Users\WuTong\STM32Cube\Repository\STM32Cube_FW_F4_V1.26.2\Drivers\STM32F4xx_HAL_Driver\Src\stm32f4xx_hal_exti.c 0x00000000   Number         0  stm32f4xx_hal_exti.o ABSOLUTE
    C:\Users\WuTong\STM32Cube\Repository\STM32Cube_FW_F4_V1.26.2\Drivers\STM32F4xx_HAL_Driver\Src\stm32f4xx_hal_flash.c 0x00000000   Number         0  stm32f4xx_hal_flash.o ABSOLUTE
    C:\Users\WuTong\STM32Cube\Repository\STM32Cube_FW_F4_V1.26.2\Drivers\STM32F4xx_HAL_Driver\Src\stm32f4xx_hal_flash_ex.c 0x00000000   Number         0  stm32f4xx_hal_flash_ex.o ABSOLUTE
    C:\Users\WuTong\STM32Cube\Repository\STM32Cube_FW_F4_V1.26.2\Drivers\STM32F4xx_HAL_Driver\Src\stm32f4xx_hal_flash_ramfunc.c 0x00000000   Number         0  stm32f4xx_hal_flash_ramfunc.o ABSOLUTE
    C:\Users\WuTong\STM32Cube\Repository\STM32Cube_FW_F4_V1.26.2\Drivers\STM32F4xx_HAL_Driver\Src\stm32f4xx_hal_gpio.c 0x00000000   Number         0  stm32f4xx_hal_gpio.o ABSOLUTE
    C:\Users\WuTong\STM32Cube\Repository\STM32Cube_FW_F4_V1.26.2\Drivers\STM32F4xx_HAL_Driver\Src\stm32f4xx_hal_pwr.c 0x00000000   Number         0  stm32f4xx_hal_pwr.o ABSOLUTE
    C:\Users\WuTong\STM32Cube\Repository\STM32Cube_FW_F4_V1.26.2\Drivers\STM32F4xx_HAL_Driver\Src\stm32f4xx_hal_pwr_ex.c 0x00000000   Number         0  stm32f4xx_hal_pwr_ex.o ABSOLUTE
    C:\Users\WuTong\STM32Cube\Repository\STM32Cube_FW_F4_V1.26.2\Drivers\STM32F4xx_HAL_Driver\Src\stm32f4xx_hal_rcc.c 0x00000000   Number         0  stm32f4xx_hal_rcc.o ABSOLUTE
    C:\Users\WuTong\STM32Cube\Repository\STM32Cube_FW_F4_V1.26.2\Drivers\STM32F4xx_HAL_Driver\Src\stm32f4xx_hal_rcc_ex.c 0x00000000   Number         0  stm32f4xx_hal_rcc_ex.o ABSOLUTE
    C:\Users\WuTong\STM32Cube\Repository\STM32Cube_FW_F4_V1.26.2\Drivers\STM32F4xx_HAL_Driver\Src\stm32f4xx_hal_tim.c 0x00000000   Number         0  stm32f4xx_hal_tim.o ABSOLUTE
    C:\Users\WuTong\STM32Cube\Repository\STM32Cube_FW_F4_V1.26.2\Drivers\STM32F4xx_HAL_Driver\Src\stm32f4xx_hal_tim_ex.c 0x00000000   Number         0  stm32f4xx_hal_tim_ex.o ABSOLUTE
    C:\Users\WuTong\STM32Cube\Repository\STM32Cube_FW_F4_V1.26.2\Drivers\STM32F4xx_HAL_Driver\Src\stm32f4xx_hal_uart.c 0x00000000   Number         0  stm32f4xx_hal_uart.o ABSOLUTE
    C:\Users\WuTong\STM32Cube\Repository\\Packs\RealThread\RT-Thread\3.1.5\bsp\_template\cubemx_config\board.c 0x00000000   Number         0  board.o ABSOLUTE
    dc.s                                     0x00000000   Number         0  dc.o ABSOLUTE
    handlers.s                               0x00000000   Number         0  handlers.o ABSOLUTE
    init.s                                   0x00000000   Number         0  init.o ABSOLUTE
    startup_stm32f429xx.s                    0x00000000   Number         0  startup_stm32f429xx.o ABSOLUTE
    RESET                                    0x08000000   Section      428  startup_stm32f429xx.o(RESET)
    .ARM.Collect$$$$00000000                 0x080001ac   Section        0  entry.o(.ARM.Collect$$$$00000000)
    .ARM.Collect$$$$00000001                 0x080001ac   Section        4  entry2.o(.ARM.Collect$$$$00000001)
    .ARM.Collect$$$$00000004                 0x080001b0   Section        4  entry5.o(.ARM.Collect$$$$00000004)
    .ARM.Collect$$$$00000008                 0x080001b4   Section        0  entry7b.o(.ARM.Collect$$$$00000008)
    .ARM.Collect$$$$0000000A                 0x080001b4   Section        0  entry8b.o(.ARM.Collect$$$$0000000A)
    .ARM.Collect$$$$0000000B                 0x080001b4   Section        8  entry9a.o(.ARM.Collect$$$$0000000B)
    .ARM.Collect$$$$0000000D                 0x080001bc   Section        0  entry10a.o(.ARM.Collect$$$$0000000D)
    .ARM.Collect$$$$0000000F                 0x080001bc   Section        0  entry11a.o(.ARM.Collect$$$$0000000F)
    .ARM.Collect$$$$00002712                 0x080001bc   Section        4  entry2.o(.ARM.Collect$$$$00002712)
    __lit__00000000                          0x080001bc   Data           4  entry2.o(.ARM.Collect$$$$00002712)
    .text                                    0x080001c0   Section       36  startup_stm32f429xx.o(.text)
    $v0                                      0x080001c0   Number         0  startup_stm32f429xx.o(.text)
    .text                                    0x080001e4   Section      308  context_rvds.o(.text)
    $v0                                      0x080001e4   Number         0  context_rvds.o(.text)
    .text                                    0x08000318   Section        0  uldiv.o(.text)
    .text                                    0x0800037a   Section        0  memseta.o(.text)
    .text                                    0x0800039e   Section        0  llshl.o(.text)
    .text                                    0x080003bc   Section        0  llushr.o(.text)
    .text                                    0x080003dc   Section       36  init.o(.text)
    i.$Sub$$main                             0x08000400   Section        0  components.o(i.$Sub$$main)
    i.BusFault_Handler                       0x0800040a   Section        0  stm32f4xx_it.o(i.BusFault_Handler)
    i.DebugMon_Handler                       0x0800040c   Section        0  stm32f4xx_it.o(i.DebugMon_Handler)
    i.Error_Handler                          0x0800040e   Section        0  main.o(i.Error_Handler)
    i.HAL_GPIO_Init                          0x08000414   Section        0  stm32f4xx_hal_gpio.o(i.HAL_GPIO_Init)
    i.HAL_GPIO_ReadPin                       0x08000648   Section        0  stm32f4xx_hal_gpio.o(i.HAL_GPIO_ReadPin)
    i.HAL_GPIO_TogglePin                     0x08000652   Section        0  stm32f4xx_hal_gpio.o(i.HAL_GPIO_TogglePin)
    i.HAL_GPIO_WritePin                      0x08000662   Section        0  stm32f4xx_hal_gpio.o(i.HAL_GPIO_WritePin)
    i.HAL_GetTick                            0x0800066c   Section        0  stm32f4xx_hal.o(i.HAL_GetTick)
    i.HAL_Init                               0x08000678   Section        0  stm32f4xx_hal.o(i.HAL_Init)
    i.HAL_InitTick                           0x080006ac   Section        0  stm32f4xx_hal.o(i.HAL_InitTick)
    i.HAL_MspInit                            0x080006ec   Section        0  stm32f4xx_hal_msp.o(i.HAL_MspInit)
    i.HAL_NVIC_SetPriority                   0x0800071c   Section        0  stm32f4xx_hal_cortex.o(i.HAL_NVIC_SetPriority)
    i.HAL_NVIC_SetPriorityGrouping           0x0800075c   Section        0  stm32f4xx_hal_cortex.o(i.HAL_NVIC_SetPriorityGrouping)
    i.HAL_RCC_ClockConfig                    0x08000780   Section        0  stm32f4xx_hal_rcc.o(i.HAL_RCC_ClockConfig)
    i.HAL_RCC_GetHCLKFreq                    0x080008b4   Section        0  stm32f4xx_hal_rcc.o(i.HAL_RCC_GetHCLKFreq)
    i.HAL_RCC_GetPCLK1Freq                   0x080008c0   Section        0  stm32f4xx_hal_rcc.o(i.HAL_RCC_GetPCLK1Freq)
    i.HAL_RCC_GetPCLK2Freq                   0x080008e0   Section        0  stm32f4xx_hal_rcc.o(i.HAL_RCC_GetPCLK2Freq)
    i.HAL_RCC_GetSysClockFreq                0x08000900   Section        0  stm32f4xx_hal_rcc.o(i.HAL_RCC_GetSysClockFreq)
    i.HAL_RCC_OscConfig                      0x08000964   Section        0  stm32f4xx_hal_rcc.o(i.HAL_RCC_OscConfig)
    i.HAL_SYSTICK_Config                     0x08000cd0   Section        0  stm32f4xx_hal_cortex.o(i.HAL_SYSTICK_Config)
    i.HAL_UART_Init                          0x08000cf8   Section        0  stm32f4xx_hal_uart.o(i.HAL_UART_Init)
    i.HAL_UART_MspInit                       0x08000d5c   Section        0  usart.o(i.HAL_UART_MspInit)
    i.HAL_UART_Transmit                      0x08000dc8   Section        0  stm32f4xx_hal_uart.o(i.HAL_UART_Transmit)
    i.MX_GPIO_Init                           0x08000e7c   Section        0  gpio.o(i.MX_GPIO_Init)
    i.MX_USART1_UART_Init                    0x08000f14   Section        0  usart.o(i.MX_USART1_UART_Init)
    i.MemManage_Handler                      0x08000f4c   Section        0  stm32f4xx_it.o(i.MemManage_Handler)
    i.NMI_Handler                            0x08000f4e   Section        0  stm32f4xx_it.o(i.NMI_Handler)
    i.SysTick_Handler                        0x08000f50   Section        0  board.o(i.SysTick_Handler)
    i.SystemClock_Config                     0x08000f64   Section        0  main.o(i.SystemClock_Config)
    i.SystemCoreClockUpdate                  0x08000fe4   Section        0  system_stm32f4xx.o(i.SystemCoreClockUpdate)
    i.SystemInit                             0x08001060   Section        0  system_stm32f4xx.o(i.SystemInit)
    i.UART_SetConfig                         0x08001070   Section        0  stm32f4xx_hal_uart.o(i.UART_SetConfig)
    UART_SetConfig                           0x08001071   Thumb Code   258  stm32f4xx_hal_uart.o(i.UART_SetConfig)
    i.UART_WaitOnFlagUntilTimeout            0x0800117c   Section        0  stm32f4xx_hal_uart.o(i.UART_WaitOnFlagUntilTimeout)
    UART_WaitOnFlagUntilTimeout              0x0800117d   Thumb Code   120  stm32f4xx_hal_uart.o(i.UART_WaitOnFlagUntilTimeout)
    i.UsageFault_Handler                     0x080011f4   Section        0  stm32f4xx_it.o(i.UsageFault_Handler)
    i.__NVIC_SetPriority                     0x080011f6   Section        0  stm32f4xx_hal_cortex.o(i.__NVIC_SetPriority)
    __NVIC_SetPriority                       0x080011f7   Thumb Code    32  stm32f4xx_hal_cortex.o(i.__NVIC_SetPriority)
    i.__rt_ffs                               0x08001218   Section        0  kservice.o(i.__rt_ffs)
    i.__scatterload_copy                     0x0800125c   Section       14  handlers.o(i.__scatterload_copy)
    i.__scatterload_null                     0x0800126a   Section        2  handlers.o(i.__scatterload_null)
    i.__scatterload_zeroinit                 0x0800126c   Section       14  handlers.o(i.__scatterload_zeroinit)
    i._rt_thread_init                        0x0800127c   Section        0  thread.o(i._rt_thread_init)
    _rt_thread_init                          0x0800127d   Thumb Code   108  thread.o(i._rt_thread_init)
    i._rt_timer_init                         0x080012f0   Section        0  timer.o(i._rt_timer_init)
    _rt_timer_init                           0x080012f1   Thumb Code    28  timer.o(i._rt_timer_init)
    i._rt_timer_remove                       0x0800130c   Section        0  timer.o(i._rt_timer_remove)
    _rt_timer_remove                         0x0800130d   Thumb Code     6  timer.o(i._rt_timer_remove)
    i._thread_cleanup_execute                0x08001312   Section        0  thread.o(i._thread_cleanup_execute)
    _thread_cleanup_execute                  0x08001313   Thumb Code    28  thread.o(i._thread_cleanup_execute)
    i.main                                   0x08001330   Section        0  main.o(i.main)
    i.main_thread_entry                      0x080013fc   Section        0  components.o(i.main_thread_entry)
    i.plug_holes                             0x0800140c   Section        0  mem.o(i.plug_holes)
    plug_holes                               0x0800140d   Thumb Code    80  mem.o(i.plug_holes)
    i.print_number                           0x08001460   Section        0  kservice.o(i.print_number)
    print_number                             0x08001461   Thumb Code   300  kservice.o(i.print_number)
    i.receive_thread_entry                   0x08001590   Section        0  main.o(i.receive_thread_entry)
    receive_thread_entry                     0x08001591   Thumb Code    62  main.o(i.receive_thread_entry)
    i.rt_application_init                    0x08001604   Section        0  components.o(i.rt_application_init)
    i.rt_components_board_init               0x08001630   Section        0  components.o(i.rt_components_board_init)
    i.rt_components_init                     0x0800164c   Section        0  components.o(i.rt_components_init)
    i.rt_enter_critical                      0x08001668   Section        0  scheduler.o(i.rt_enter_critical)
    i.rt_event_create                        0x08001684   Section        0  ipc.o(i.rt_event_create)
    i.rt_event_recv                          0x080016a4   Section        0  ipc.o(i.rt_event_recv)
    i.rt_event_send                          0x08001774   Section        0  ipc.o(i.rt_event_send)
    i.rt_exit_critical                       0x08001808   Section        0  scheduler.o(i.rt_exit_critical)
    i.rt_free                                0x08001840   Section        0  mem.o(i.rt_free)
    i.rt_heap_begin_get                      0x08001904   Section        0  board.o(i.rt_heap_begin_get)
    i.rt_heap_end_get                        0x0800190c   Section        0  board.o(i.rt_heap_end_get)
    i.rt_hw_board_init                       0x08001914   Section        0  board.o(i.rt_hw_board_init)
    i.rt_hw_console_output                   0x0800194c   Section        0  board.o(i.rt_hw_console_output)
    i.rt_hw_hard_fault_exception             0x08001994   Section        0  cpuport.o(i.rt_hw_hard_fault_exception)
    i.rt_hw_stack_init                       0x08001ba4   Section        0  cpuport.o(i.rt_hw_stack_init)
    i.rt_interrupt_enter                     0x08001be0   Section        0  irq.o(i.rt_interrupt_enter)
    i.rt_interrupt_leave                     0x08001bfc   Section        0  irq.o(i.rt_interrupt_leave)
    i.rt_ipc_list_resume                     0x08001c18   Section        0  ipc.o(i.rt_ipc_list_resume)
    rt_ipc_list_resume                       0x08001c19   Thumb Code    14  ipc.o(i.rt_ipc_list_resume)
    i.rt_ipc_list_suspend                    0x08001c28   Section        0  ipc.o(i.rt_ipc_list_suspend)
    rt_ipc_list_suspend                      0x08001c29   Thumb Code    82  ipc.o(i.rt_ipc_list_suspend)
    i.rt_kprintf                             0x08001c7c   Section        0  kservice.o(i.rt_kprintf)
    i.rt_list_insert_after                   0x08001c9c   Section        0  object.o(i.rt_list_insert_after)
    rt_list_insert_after                     0x08001c9d   Thumb Code    14  object.o(i.rt_list_insert_after)
    i.rt_list_insert_after                   0x08001caa   Section        0  thread.o(i.rt_list_insert_after)
    rt_list_insert_after                     0x08001cab   Thumb Code    14  thread.o(i.rt_list_insert_after)
    i.rt_list_insert_after                   0x08001cb8   Section        0  timer.o(i.rt_list_insert_after)
    rt_list_insert_after                     0x08001cb9   Thumb Code    14  timer.o(i.rt_list_insert_after)
    i.rt_list_insert_before                  0x08001cc6   Section        0  ipc.o(i.rt_list_insert_before)
    rt_list_insert_before                    0x08001cc7   Thumb Code    14  ipc.o(i.rt_list_insert_before)
    i.rt_list_remove                         0x08001cd4   Section        0  object.o(i.rt_list_remove)
    rt_list_remove                           0x08001cd5   Thumb Code    18  object.o(i.rt_list_remove)
    i.rt_list_remove                         0x08001ce6   Section        0  thread.o(i.rt_list_remove)
    rt_list_remove                           0x08001ce7   Thumb Code    18  thread.o(i.rt_list_remove)
    i.rt_list_remove                         0x08001cf8   Section        0  timer.o(i.rt_list_remove)
    rt_list_remove                           0x08001cf9   Thumb Code    18  timer.o(i.rt_list_remove)
    i.rt_malloc                              0x08001d0c   Section        0  mem.o(i.rt_malloc)
    i.rt_memset                              0x08001dfc   Section        0  kservice.o(i.rt_memset)
    i.rt_object_allocate                     0x08001e42   Section        0  object.o(i.rt_object_allocate)
    i.rt_object_delete                       0x08001e92   Section        0  object.o(i.rt_object_delete)
    i.rt_object_detach                       0x08001eb8   Section        0  object.o(i.rt_object_detach)
    i.rt_object_get_information              0x08001ed8   Section        0  object.o(i.rt_object_get_information)
    i.rt_object_init                         0x08001efc   Section        0  object.o(i.rt_object_init)
    i.rt_object_is_systemobject              0x08001f4c   Section        0  object.o(i.rt_object_is_systemobject)
    i.rt_schedule                            0x08001f5c   Section        0  scheduler.o(i.rt_schedule)
    i.rt_schedule_insert_thread              0x08001fb4   Section        0  scheduler.o(i.rt_schedule_insert_thread)
    i.rt_schedule_remove_thread              0x08002004   Section        0  scheduler.o(i.rt_schedule_remove_thread)
    i.rt_sem_init                            0x0800204c   Section        0  ipc.o(i.rt_sem_init)
    i.rt_sem_release                         0x08002070   Section        0  ipc.o(i.rt_sem_release)
    i.rt_sem_take                            0x080020b8   Section        0  ipc.o(i.rt_sem_take)
    i.rt_show_version                        0x08002128   Section        0  kservice.o(i.rt_show_version)
    i.rt_strlen                              0x080021d8   Section        0  kservice.o(i.rt_strlen)
    i.rt_strncpy                             0x080021e8   Section        0  kservice.o(i.rt_strncpy)
    i.rt_system_heap_init                    0x08002210   Section        0  mem.o(i.rt_system_heap_init)
    i.rt_system_scheduler_init               0x080022bc   Section        0  scheduler.o(i.rt_system_scheduler_init)
    i.rt_system_scheduler_start              0x080022f0   Section        0  scheduler.o(i.rt_system_scheduler_start)
    i.rt_system_timer_init                   0x08002318   Section        0  timer.o(i.rt_system_timer_init)
    i.rt_system_timer_thread_init            0x08002324   Section        0  timer.o(i.rt_system_timer_thread_init)
    i.rt_thread_create                       0x08002326   Section        0  thread.o(i.rt_thread_create)
    i.rt_thread_delay                        0x0800236e   Section        0  thread.o(i.rt_thread_delay)
    i.rt_thread_exit                         0x08002374   Section        0  thread.o(i.rt_thread_exit)
    i.rt_thread_idle_entry                   0x080023d0   Section        0  idle.o(i.rt_thread_idle_entry)
    rt_thread_idle_entry                     0x080023d1   Thumb Code     6  idle.o(i.rt_thread_idle_entry)
    i.rt_thread_idle_excute                  0x080023d8   Section        0  idle.o(i.rt_thread_idle_excute)
    i.rt_thread_idle_init                    0x08002424   Section        0  idle.o(i.rt_thread_idle_init)
    i.rt_thread_init                         0x0800245c   Section        0  thread.o(i.rt_thread_init)
    i.rt_thread_resume                       0x0800248c   Section        0  thread.o(i.rt_thread_resume)
    i.rt_thread_self                         0x080024c8   Section        0  thread.o(i.rt_thread_self)
    i.rt_thread_sleep                        0x080024d4   Section        0  thread.o(i.rt_thread_sleep)
    i.rt_thread_startup                      0x08002514   Section        0  thread.o(i.rt_thread_startup)
    i.rt_thread_suspend                      0x08002540   Section        0  thread.o(i.rt_thread_suspend)
    i.rt_thread_timeout                      0x08002582   Section        0  thread.o(i.rt_thread_timeout)
    i.rt_thread_yield                        0x080025a4   Section        0  thread.o(i.rt_thread_yield)
    i.rt_tick_get                            0x08002604   Section        0  clock.o(i.rt_tick_get)
    i.rt_tick_increase                       0x08002610   Section        0  clock.o(i.rt_tick_increase)
    i.rt_timer_check                         0x0800263c   Section        0  timer.o(i.rt_timer_check)
    i.rt_timer_control                       0x080026c8   Section        0  timer.o(i.rt_timer_control)
    i.rt_timer_detach                        0x08002710   Section        0  timer.o(i.rt_timer_detach)
    i.rt_timer_init                          0x08002738   Section        0  timer.o(i.rt_timer_init)
    i.rt_timer_start                         0x08002760   Section        0  timer.o(i.rt_timer_start)
    i.rt_timer_stop                          0x080027e4   Section        0  timer.o(i.rt_timer_stop)
    i.rt_vsnprintf                           0x08002814   Section        0  kservice.o(i.rt_vsnprintf)
    i.rti_board_end                          0x08002a98   Section        0  components.o(i.rti_board_end)
    rti_board_end                            0x08002a99   Thumb Code     4  components.o(i.rti_board_end)
    i.rti_board_start                        0x08002a9c   Section        0  components.o(i.rti_board_start)
    rti_board_start                          0x08002a9d   Thumb Code     4  components.o(i.rti_board_start)
    i.rti_end                                0x08002aa0   Section        0  components.o(i.rti_end)
    rti_end                                  0x08002aa1   Thumb Code     4  components.o(i.rti_end)
    i.rti_start                              0x08002aa4   Section        0  components.o(i.rti_start)
    rti_start                                0x08002aa5   Thumb Code     4  components.o(i.rti_start)
    i.rtthread_startup                       0x08002aa8   Section        0  components.o(i.rtthread_startup)
    i.send_thread_entry                      0x08002ad4   Section        0  main.o(i.send_thread_entry)
    send_thread_entry                        0x08002ad5   Thumb Code    70  main.o(i.send_thread_entry)
    i.skip_atoi                              0x08002b48   Section        0  kservice.o(i.skip_atoi)
    skip_atoi                                0x08002b49   Thumb Code    40  kservice.o(i.skip_atoi)
    i.uart_init                              0x08002b70   Section        0  board.o(i.uart_init)
    uart_init                                0x08002b71   Thumb Code    42  board.o(i.uart_init)
    .constdata                               0x08002ba4   Section       16  system_stm32f4xx.o(.constdata)
    .constdata                               0x08002bb4   Section        8  system_stm32f4xx.o(.constdata)
    .constdata                               0x08002bbc   Section      290  kservice.o(.constdata)
    small_digits                             0x08002cbc   Data          17  kservice.o(.constdata)
    large_digits                             0x08002ccd   Data          17  kservice.o(.constdata)
    .rti_fn.0                                0x08002ce0   Section        4  components.o(.rti_fn.0)
    __tagsym$$used                           0x08002ce0   Number         0  components.o(.rti_fn.0)
    .rti_fn.0.end                            0x08002ce4   Section        4  components.o(.rti_fn.0.end)
    __tagsym$$used                           0x08002ce4   Number         0  components.o(.rti_fn.0.end)
    .rti_fn.1                                0x08002ce8   Section        4  board.o(.rti_fn.1)
    __tagsym$$used                           0x08002ce8   Number         0  board.o(.rti_fn.1)
    .rti_fn.1.end                            0x08002cec   Section        4  components.o(.rti_fn.1.end)
    __tagsym$$used                           0x08002cec   Number         0  components.o(.rti_fn.1.end)
    .rti_fn.6.end                            0x08002cf0   Section        4  components.o(.rti_fn.6.end)
    __tagsym$$used                           0x08002cf0   Number         0  components.o(.rti_fn.6.end)
    .data                                    0x20000000   Section       12  main.o(.data)
    receive_thread                           0x20000000   Data           4  main.o(.data)
    send_thread                              0x20000004   Data           4  main.o(.data)
    test_event                               0x20000008   Data           4  main.o(.data)
    .data                                    0x2000000c   Section        4  system_stm32f4xx.o(.data)
    .data                                    0x20000010   Section       12  stm32f4xx_hal.o(.data)
    .data                                    0x2000001c   Section        4  clock.o(.data)
    rt_tick                                  0x2000001c   Data           4  clock.o(.data)
    .data                                    0x20000020   Section        1  irq.o(.data)
    .data                                    0x20000024   Section       24  mem.o(.data)
    heap_ptr                                 0x20000024   Data           4  mem.o(.data)
    heap_end                                 0x20000028   Data           4  mem.o(.data)
    lfree                                    0x2000002c   Data           4  mem.o(.data)
    mem_size_aligned                         0x20000030   Data           4  mem.o(.data)
    used_mem                                 0x20000034   Data           4  mem.o(.data)
    max_mem                                  0x20000038   Data           4  mem.o(.data)
    .data                                    0x2000003c   Section       96  object.o(.data)
    rt_object_container                      0x2000003c   Data          96  object.o(.data)
    .data                                    0x2000009c   Section       20  scheduler.o(.data)
    rt_scheduler_lock_nest                   0x2000009e   Data           2  scheduler.o(.data)
    .data                                    0x200000b0   Section       12  timer.o(.data)
    random_nr                                0x200000b0   Data           4  timer.o(.data)
    rt_timer_list                            0x200000b4   Data           8  timer.o(.data)
    .data                                    0x200000bc   Section        4  cpuport.o(.data)
    rt_exception_hook                        0x200000bc   Data           4  cpuport.o(.data)
    .data                                    0x200000c0   Section        4  cpuport.o(.data)
    .data                                    0x200000c4   Section        4  cpuport.o(.data)
    .data                                    0x200000c8   Section        4  cpuport.o(.data)
    .bss                                     0x200000cc   Section       68  usart.o(.bss)
    .bss                                     0x20000110   Section      384  idle.o(.bss)
    idle                                     0x20000110   Data         128  idle.o(.bss)
    rt_thread_stack                          0x20000190   Data         256  idle.o(.bss)
    .bss                                     0x20000290   Section      128  kservice.o(.bss)
    rt_log_buf                               0x20000290   Data         128  kservice.o(.bss)
    .bss                                     0x20000310   Section       32  mem.o(.bss)
    heap_sem                                 0x20000310   Data          32  mem.o(.bss)
    .bss                                     0x20000330   Section      256  scheduler.o(.bss)
    .bss                                     0x20000430   Section    15428  board.o(.bss)
    rt_heap                                  0x20000430   Data       15360  board.o(.bss)
    UartHandle                               0x20004030   Data          68  board.o(.bss)
    STACK                                    0x20004078   Section     1024  startup_stm32f429xx.o(STACK)

    Global Symbols

    Symbol Name                              Value     Ov Type        Size  Object(Section)

    BuildAttributes$$THM_ISAv4$E$P$D$K$B$S$7EM$VFPi3$EXTD16$VFPS$VFMA$PE$A:L22UL41UL21$X:L11$S22US41US21$IEEE1$IW$USESV6$~STKCKD$USESV7$~SHL$OSPACE$EBA8$MICROLIB$REQ8$PRES8$EABIv2 0x00000000   Number         0  anon$$obj.o ABSOLUTE
    __ARM_use_no_argv                        0x00000000   Number         0  main.o ABSOLUTE
    __cpp_initialize__aeabi_                  - Undefined Weak Reference
    __cxa_finalize                            - Undefined Weak Reference
    __decompress                              - Undefined Weak Reference
    _clock_init                               - Undefined Weak Reference
    _microlib_exit                            - Undefined Weak Reference
    __Vectors_Size                           0x000001ac   Number         0  startup_stm32f429xx.o ABSOLUTE
    __Vectors                                0x08000000   Data           4  startup_stm32f429xx.o(RESET)
    __Vectors_End                            0x080001ac   Data           0  startup_stm32f429xx.o(RESET)
    __main                                   0x080001ad   Thumb Code     0  entry.o(.ARM.Collect$$$$00000000)
    _main_stk                                0x080001ad   Thumb Code     0  entry2.o(.ARM.Collect$$$$00000001)
    _main_scatterload                        0x080001b1   Thumb Code     0  entry5.o(.ARM.Collect$$$$00000004)
    __main_after_scatterload                 0x080001b5   Thumb Code     0  entry5.o(.ARM.Collect$$$$00000004)
    _main_clock                              0x080001b5   Thumb Code     0  entry7b.o(.ARM.Collect$$$$00000008)
    _main_cpp_init                           0x080001b5   Thumb Code     0  entry8b.o(.ARM.Collect$$$$0000000A)
    _main_init                               0x080001b5   Thumb Code     0  entry9a.o(.ARM.Collect$$$$0000000B)
    __rt_final_cpp                           0x080001bd   Thumb Code     0  entry10a.o(.ARM.Collect$$$$0000000D)
    __rt_final_exit                          0x080001bd   Thumb Code     0  entry11a.o(.ARM.Collect$$$$0000000F)
    Reset_Handler                            0x080001c1   Thumb Code     8  startup_stm32f429xx.o(.text)
    SVC_Handler                              0x080001d3   Thumb Code     2  startup_stm32f429xx.o(.text)
    ADC_IRQHandler                           0x080001db   Thumb Code     0  startup_stm32f429xx.o(.text)
    CAN1_RX0_IRQHandler                      0x080001db   Thumb Code     0  startup_stm32f429xx.o(.text)
    CAN1_RX1_IRQHandler                      0x080001db   Thumb Code     0  startup_stm32f429xx.o(.text)
    CAN1_SCE_IRQHandler                      0x080001db   Thumb Code     0  startup_stm32f429xx.o(.text)
    CAN1_TX_IRQHandler                       0x080001db   Thumb Code     0  startup_stm32f429xx.o(.text)
    CAN2_RX0_IRQHandler                      0x080001db   Thumb Code     0  startup_stm32f429xx.o(.text)
    CAN2_RX1_IRQHandler                      0x080001db   Thumb Code     0  startup_stm32f429xx.o(.text)
    CAN2_SCE_IRQHandler                      0x080001db   Thumb Code     0  startup_stm32f429xx.o(.text)
    CAN2_TX_IRQHandler                       0x080001db   Thumb Code     0  startup_stm32f429xx.o(.text)
    DCMI_IRQHandler                          0x080001db   Thumb Code     0  startup_stm32f429xx.o(.text)
    DMA1_Stream0_IRQHandler                  0x080001db   Thumb Code     0  startup_stm32f429xx.o(.text)
    DMA1_Stream1_IRQHandler                  0x080001db   Thumb Code     0  startup_stm32f429xx.o(.text)
    DMA1_Stream2_IRQHandler                  0x080001db   Thumb Code     0  startup_stm32f429xx.o(.text)
    DMA1_Stream3_IRQHandler                  0x080001db   Thumb Code     0  startup_stm32f429xx.o(.text)
    DMA1_Stream4_IRQHandler                  0x080001db   Thumb Code     0  startup_stm32f429xx.o(.text)
    DMA1_Stream5_IRQHandler                  0x080001db   Thumb Code     0  startup_stm32f429xx.o(.text)
    DMA1_Stream6_IRQHandler                  0x080001db   Thumb Code     0  startup_stm32f429xx.o(.text)
    DMA1_Stream7_IRQHandler                  0x080001db   Thumb Code     0  startup_stm32f429xx.o(.text)
    DMA2D_IRQHandler                         0x080001db   Thumb Code     0  startup_stm32f429xx.o(.text)
    DMA2_Stream0_IRQHandler                  0x080001db   Thumb Code     0  startup_stm32f429xx.o(.text)
    DMA2_Stream1_IRQHandler                  0x080001db   Thumb Code     0  startup_stm32f429xx.o(.text)
    DMA2_Stream2_IRQHandler                  0x080001db   Thumb Code     0  startup_stm32f429xx.o(.text)
    DMA2_Stream3_IRQHandler                  0x080001db   Thumb Code     0  startup_stm32f429xx.o(.text)
    DMA2_Stream4_IRQHandler                  0x080001db   Thumb Code     0  startup_stm32f429xx.o(.text)
    DMA2_Stream5_IRQHandler                  0x080001db   Thumb Code     0  startup_stm32f429xx.o(.text)
    DMA2_Stream6_IRQHandler                  0x080001db   Thumb Code     0  startup_stm32f429xx.o(.text)
    DMA2_Stream7_IRQHandler                  0x080001db   Thumb Code     0  startup_stm32f429xx.o(.text)
    ETH_IRQHandler                           0x080001db   Thumb Code     0  startup_stm32f429xx.o(.text)
    ETH_WKUP_IRQHandler                      0x080001db   Thumb Code     0  startup_stm32f429xx.o(.text)
    EXTI0_IRQHandler                         0x080001db   Thumb Code     0  startup_stm32f429xx.o(.text)
    EXTI15_10_IRQHandler                     0x080001db   Thumb Code     0  startup_stm32f429xx.o(.text)
    EXTI1_IRQHandler                         0x080001db   Thumb Code     0  startup_stm32f429xx.o(.text)
    EXTI2_IRQHandler                         0x080001db   Thumb Code     0  startup_stm32f429xx.o(.text)
    EXTI3_IRQHandler                         0x080001db   Thumb Code     0  startup_stm32f429xx.o(.text)
    EXTI4_IRQHandler                         0x080001db   Thumb Code     0  startup_stm32f429xx.o(.text)
    EXTI9_5_IRQHandler                       0x080001db   Thumb Code     0  startup_stm32f429xx.o(.text)
    FLASH_IRQHandler                         0x080001db   Thumb Code     0  startup_stm32f429xx.o(.text)
    FMC_IRQHandler                           0x080001db   Thumb Code     0  startup_stm32f429xx.o(.text)
    FPU_IRQHandler                           0x080001db   Thumb Code     0  startup_stm32f429xx.o(.text)
    HASH_RNG_IRQHandler                      0x080001db   Thumb Code     0  startup_stm32f429xx.o(.text)
    I2C1_ER_IRQHandler                       0x080001db   Thumb Code     0  startup_stm32f429xx.o(.text)
    I2C1_EV_IRQHandler                       0x080001db   Thumb Code     0  startup_stm32f429xx.o(.text)
    I2C2_ER_IRQHandler                       0x080001db   Thumb Code     0  startup_stm32f429xx.o(.text)
    I2C2_EV_IRQHandler                       0x080001db   Thumb Code     0  startup_stm32f429xx.o(.text)
    I2C3_ER_IRQHandler                       0x080001db   Thumb Code     0  startup_stm32f429xx.o(.text)
    I2C3_EV_IRQHandler                       0x080001db   Thumb Code     0  startup_stm32f429xx.o(.text)
    LTDC_ER_IRQHandler                       0x080001db   Thumb Code     0  startup_stm32f429xx.o(.text)
    LTDC_IRQHandler                          0x080001db   Thumb Code     0  startup_stm32f429xx.o(.text)
    OTG_FS_IRQHandler                        0x080001db   Thumb Code     0  startup_stm32f429xx.o(.text)
    OTG_FS_WKUP_IRQHandler                   0x080001db   Thumb Code     0  startup_stm32f429xx.o(.text)
    OTG_HS_EP1_IN_IRQHandler                 0x080001db   Thumb Code     0  startup_stm32f429xx.o(.text)
    OTG_HS_EP1_OUT_IRQHandler                0x080001db   Thumb Code     0  startup_stm32f429xx.o(.text)
    OTG_HS_IRQHandler                        0x080001db   Thumb Code     0  startup_stm32f429xx.o(.text)
    OTG_HS_WKUP_IRQHandler                   0x080001db   Thumb Code     0  startup_stm32f429xx.o(.text)
    PVD_IRQHandler                           0x080001db   Thumb Code     0  startup_stm32f429xx.o(.text)
    RCC_IRQHandler                           0x080001db   Thumb Code     0  startup_stm32f429xx.o(.text)
    RTC_Alarm_IRQHandler                     0x080001db   Thumb Code     0  startup_stm32f429xx.o(.text)
    RTC_WKUP_IRQHandler                      0x080001db   Thumb Code     0  startup_stm32f429xx.o(.text)
    SAI1_IRQHandler                          0x080001db   Thumb Code     0  startup_stm32f429xx.o(.text)
    SDIO_IRQHandler                          0x080001db   Thumb Code     0  startup_stm32f429xx.o(.text)
    SPI1_IRQHandler                          0x080001db   Thumb Code     0  startup_stm32f429xx.o(.text)
    SPI2_IRQHandler                          0x080001db   Thumb Code     0  startup_stm32f429xx.o(.text)
    SPI3_IRQHandler                          0x080001db   Thumb Code     0  startup_stm32f429xx.o(.text)
    SPI4_IRQHandler                          0x080001db   Thumb Code     0  startup_stm32f429xx.o(.text)
    SPI5_IRQHandler                          0x080001db   Thumb Code     0  startup_stm32f429xx.o(.text)
    SPI6_IRQHandler                          0x080001db   Thumb Code     0  startup_stm32f429xx.o(.text)
    TAMP_STAMP_IRQHandler                    0x080001db   Thumb Code     0  startup_stm32f429xx.o(.text)
    TIM1_BRK_TIM9_IRQHandler                 0x080001db   Thumb Code     0  startup_stm32f429xx.o(.text)
    TIM1_CC_IRQHandler                       0x080001db   Thumb Code     0  startup_stm32f429xx.o(.text)
    TIM1_TRG_COM_TIM11_IRQHandler            0x080001db   Thumb Code     0  startup_stm32f429xx.o(.text)
    TIM1_UP_TIM10_IRQHandler                 0x080001db   Thumb Code     0  startup_stm32f429xx.o(.text)
    TIM2_IRQHandler                          0x080001db   Thumb Code     0  startup_stm32f429xx.o(.text)
    TIM3_IRQHandler                          0x080001db   Thumb Code     0  startup_stm32f429xx.o(.text)
    TIM4_IRQHandler                          0x080001db   Thumb Code     0  startup_stm32f429xx.o(.text)
    TIM5_IRQHandler                          0x080001db   Thumb Code     0  startup_stm32f429xx.o(.text)
    TIM6_DAC_IRQHandler                      0x080001db   Thumb Code     0  startup_stm32f429xx.o(.text)
    TIM7_IRQHandler                          0x080001db   Thumb Code     0  startup_stm32f429xx.o(.text)
    TIM8_BRK_TIM12_IRQHandler                0x080001db   Thumb Code     0  startup_stm32f429xx.o(.text)
    TIM8_CC_IRQHandler                       0x080001db   Thumb Code     0  startup_stm32f429xx.o(.text)
    TIM8_TRG_COM_TIM14_IRQHandler            0x080001db   Thumb Code     0  startup_stm32f429xx.o(.text)
    TIM8_UP_TIM13_IRQHandler                 0x080001db   Thumb Code     0  startup_stm32f429xx.o(.text)
    UART4_IRQHandler                         0x080001db   Thumb Code     0  startup_stm32f429xx.o(.text)
    UART5_IRQHandler                         0x080001db   Thumb Code     0  startup_stm32f429xx.o(.text)
    UART7_IRQHandler                         0x080001db   Thumb Code     0  startup_stm32f429xx.o(.text)
    UART8_IRQHandler                         0x080001db   Thumb Code     0  startup_stm32f429xx.o(.text)
    USART1_IRQHandler                        0x080001db   Thumb Code     0  startup_stm32f429xx.o(.text)
    USART2_IRQHandler                        0x080001db   Thumb Code     0  startup_stm32f429xx.o(.text)
    USART3_IRQHandler                        0x080001db   Thumb Code     0  startup_stm32f429xx.o(.text)
    USART6_IRQHandler                        0x080001db   Thumb Code     0  startup_stm32f429xx.o(.text)
    WWDG_IRQHandler                          0x080001db   Thumb Code     0  startup_stm32f429xx.o(.text)
    rt_hw_interrupt_disable                  0x080001e5   Thumb Code     8  context_rvds.o(.text)
    rt_hw_interrupt_enable                   0x080001ed   Thumb Code     6  context_rvds.o(.text)
    rt_hw_context_switch                     0x080001f3   Thumb Code    32  context_rvds.o(.text)
    rt_hw_context_switch_interrupt           0x080001f3   Thumb Code     0  context_rvds.o(.text)
    PendSV_Handler                           0x08000213   Thumb Code   108  context_rvds.o(.text)
    rt_hw_context_switch_to                  0x0800027f   Thumb Code    68  context_rvds.o(.text)
    rt_hw_interrupt_thread_switch            0x080002c3   Thumb Code     2  context_rvds.o(.text)
    HardFault_Handler                        0x080002c5   Thumb Code    56  context_rvds.o(.text)
    __aeabi_uldivmod                         0x08000319   Thumb Code    98  uldiv.o(.text)
    __aeabi_memset                           0x0800037b   Thumb Code    14  memseta.o(.text)
    __aeabi_memset4                          0x0800037b   Thumb Code     0  memseta.o(.text)
    __aeabi_memset8                          0x0800037b   Thumb Code     0  memseta.o(.text)
    __aeabi_memclr                           0x08000389   Thumb Code     4  memseta.o(.text)
    __aeabi_memclr4                          0x08000389   Thumb Code     0  memseta.o(.text)
    __aeabi_memclr8                          0x08000389   Thumb Code     0  memseta.o(.text)
    _memset$wrapper                          0x0800038d   Thumb Code    18  memseta.o(.text)
    __aeabi_llsl                             0x0800039f   Thumb Code    30  llshl.o(.text)
    _ll_shift_l                              0x0800039f   Thumb Code     0  llshl.o(.text)
    __aeabi_llsr                             0x080003bd   Thumb Code    32  llushr.o(.text)
    _ll_ushift_r                             0x080003bd   Thumb Code     0  llushr.o(.text)
    __scatterload                            0x080003dd   Thumb Code    28  init.o(.text)
    __scatterload_rt2                        0x080003dd   Thumb Code     0  init.o(.text)
    main                                     0x08000401   Thumb Code    10  components.o(i.$Sub$$main)
    BusFault_Handler                         0x0800040b   Thumb Code     2  stm32f4xx_it.o(i.BusFault_Handler)
    DebugMon_Handler                         0x0800040d   Thumb Code     2  stm32f4xx_it.o(i.DebugMon_Handler)
    Error_Handler                            0x0800040f   Thumb Code     4  main.o(i.Error_Handler)
    HAL_GPIO_Init                            0x08000415   Thumb Code   510  stm32f4xx_hal_gpio.o(i.HAL_GPIO_Init)
    HAL_GPIO_ReadPin                         0x08000649   Thumb Code    10  stm32f4xx_hal_gpio.o(i.HAL_GPIO_ReadPin)
    HAL_GPIO_TogglePin                       0x08000653   Thumb Code    16  stm32f4xx_hal_gpio.o(i.HAL_GPIO_TogglePin)
    HAL_GPIO_WritePin                        0x08000663   Thumb Code    10  stm32f4xx_hal_gpio.o(i.HAL_GPIO_WritePin)
    HAL_GetTick                              0x0800066d   Thumb Code     6  stm32f4xx_hal.o(i.HAL_GetTick)
    HAL_Init                                 0x08000679   Thumb Code    48  stm32f4xx_hal.o(i.HAL_Init)
    HAL_InitTick                             0x080006ad   Thumb Code    54  stm32f4xx_hal.o(i.HAL_InitTick)
    HAL_MspInit                              0x080006ed   Thumb Code    42  stm32f4xx_hal_msp.o(i.HAL_MspInit)
    HAL_NVIC_SetPriority                     0x0800071d   Thumb Code    60  stm32f4xx_hal_cortex.o(i.HAL_NVIC_SetPriority)
    HAL_NVIC_SetPriorityGrouping             0x0800075d   Thumb Code    26  stm32f4xx_hal_cortex.o(i.HAL_NVIC_SetPriorityGrouping)
    HAL_RCC_ClockConfig                      0x08000781   Thumb Code   288  stm32f4xx_hal_rcc.o(i.HAL_RCC_ClockConfig)
    HAL_RCC_GetHCLKFreq                      0x080008b5   Thumb Code     6  stm32f4xx_hal_rcc.o(i.HAL_RCC_GetHCLKFreq)
    HAL_RCC_GetPCLK1Freq                     0x080008c1   Thumb Code    20  stm32f4xx_hal_rcc.o(i.HAL_RCC_GetPCLK1Freq)
    HAL_RCC_GetPCLK2Freq                     0x080008e1   Thumb Code    20  stm32f4xx_hal_rcc.o(i.HAL_RCC_GetPCLK2Freq)
    HAL_RCC_GetSysClockFreq                  0x08000901   Thumb Code    88  stm32f4xx_hal_rcc.o(i.HAL_RCC_GetSysClockFreq)
    HAL_RCC_OscConfig                        0x08000965   Thumb Code   856  stm32f4xx_hal_rcc.o(i.HAL_RCC_OscConfig)
    HAL_SYSTICK_Config                       0x08000cd1   Thumb Code    40  stm32f4xx_hal_cortex.o(i.HAL_SYSTICK_Config)
    HAL_UART_Init                            0x08000cf9   Thumb Code    98  stm32f4xx_hal_uart.o(i.HAL_UART_Init)
    HAL_UART_MspInit                         0x08000d5d   Thumb Code    94  usart.o(i.HAL_UART_MspInit)
    HAL_UART_Transmit                        0x08000dc9   Thumb Code   178  stm32f4xx_hal_uart.o(i.HAL_UART_Transmit)
    MX_GPIO_Init                             0x08000e7d   Thumb Code   134  gpio.o(i.MX_GPIO_Init)
    MX_USART1_UART_Init                      0x08000f15   Thumb Code    48  usart.o(i.MX_USART1_UART_Init)
    MemManage_Handler                        0x08000f4d   Thumb Code     2  stm32f4xx_it.o(i.MemManage_Handler)
    NMI_Handler                              0x08000f4f   Thumb Code     2  stm32f4xx_it.o(i.NMI_Handler)
    SysTick_Handler                          0x08000f51   Thumb Code    18  board.o(i.SysTick_Handler)
    SystemClock_Config                       0x08000f65   Thumb Code   120  main.o(i.SystemClock_Config)
    SystemCoreClockUpdate                    0x08000fe5   Thumb Code   104  system_stm32f4xx.o(i.SystemCoreClockUpdate)
    SystemInit                               0x08001061   Thumb Code    12  system_stm32f4xx.o(i.SystemInit)
    UsageFault_Handler                       0x080011f5   Thumb Code     2  stm32f4xx_it.o(i.UsageFault_Handler)
    __rt_ffs                                 0x08001219   Thumb Code    64  kservice.o(i.__rt_ffs)
    __scatterload_copy                       0x0800125d   Thumb Code    14  handlers.o(i.__scatterload_copy)
    __scatterload_null                       0x0800126b   Thumb Code     2  handlers.o(i.__scatterload_null)
    __scatterload_zeroinit                   0x0800126d   Thumb Code    14  handlers.o(i.__scatterload_zeroinit)
    $Super$$main                             0x08001331   Thumb Code   122  main.o(i.main)
    main_thread_entry                        0x080013fd   Thumb Code    14  components.o(i.main_thread_entry)
    rt_application_init                      0x08001605   Thumb Code    32  components.o(i.rt_application_init)
    rt_components_board_init                 0x08001631   Thumb Code    20  components.o(i.rt_components_board_init)
    rt_components_init                       0x0800164d   Thumb Code    20  components.o(i.rt_components_init)
    rt_enter_critical                        0x08001669   Thumb Code    22  scheduler.o(i.rt_enter_critical)
    rt_event_create                          0x08001685   Thumb Code    32  ipc.o(i.rt_event_create)
    rt_event_recv                            0x080016a5   Thumb Code   208  ipc.o(i.rt_event_recv)
    rt_event_send                            0x08001775   Thumb Code   146  ipc.o(i.rt_event_send)
    rt_exit_critical                         0x08001809   Thumb Code    52  scheduler.o(i.rt_exit_critical)
    rt_free                                  0x08001841   Thumb Code   112  mem.o(i.rt_free)
    rt_heap_begin_get                        0x08001905   Thumb Code     4  board.o(i.rt_heap_begin_get)
    rt_heap_end_get                          0x0800190d   Thumb Code     4  board.o(i.rt_heap_end_get)
    rt_hw_board_init                         0x08001915   Thumb Code    54  board.o(i.rt_hw_board_init)
    rt_hw_console_output                     0x0800194d   Thumb Code    66  board.o(i.rt_hw_console_output)
    rt_hw_hard_fault_exception               0x08001995   Thumb Code   190  cpuport.o(i.rt_hw_hard_fault_exception)
    rt_hw_stack_init                         0x08001ba5   Thumb Code    54  cpuport.o(i.rt_hw_stack_init)
    rt_interrupt_enter                       0x08001be1   Thumb Code    22  irq.o(i.rt_interrupt_enter)
    rt_interrupt_leave                       0x08001bfd   Thumb Code    22  irq.o(i.rt_interrupt_leave)
    rt_kprintf                               0x08001c7d   Thumb Code    28  kservice.o(i.rt_kprintf)
    rt_malloc                                0x08001d0d   Thumb Code   232  mem.o(i.rt_malloc)
    rt_memset                                0x08001dfd   Thumb Code    70  kservice.o(i.rt_memset)
    rt_object_allocate                       0x08001e43   Thumb Code    80  object.o(i.rt_object_allocate)
    rt_object_delete                         0x08001e93   Thumb Code    38  object.o(i.rt_object_delete)
    rt_object_detach                         0x08001eb9   Thumb Code    32  object.o(i.rt_object_detach)
    rt_object_get_information                0x08001ed9   Thumb Code    30  object.o(i.rt_object_get_information)
    rt_object_init                           0x08001efd   Thumb Code    80  object.o(i.rt_object_init)
    rt_object_is_systemobject                0x08001f4d   Thumb Code    14  object.o(i.rt_object_is_systemobject)
    rt_schedule                              0x08001f5d   Thumb Code    76  scheduler.o(i.rt_schedule)
    rt_schedule_insert_thread                0x08001fb5   Thumb Code    70  scheduler.o(i.rt_schedule_insert_thread)
    rt_schedule_remove_thread                0x08002005   Thumb Code    64  scheduler.o(i.rt_schedule_remove_thread)
    rt_sem_init                              0x0800204d   Thumb Code    36  ipc.o(i.rt_sem_init)
    rt_sem_release                           0x08002071   Thumb Code    72  ipc.o(i.rt_sem_release)
    rt_sem_take                              0x080020b9   Thumb Code   110  ipc.o(i.rt_sem_take)
    rt_show_version                          0x08002129   Thumb Code    40  kservice.o(i.rt_show_version)
    rt_strlen                                0x080021d9   Thumb Code    16  kservice.o(i.rt_strlen)
    rt_strncpy                               0x080021e9   Thumb Code    38  kservice.o(i.rt_strncpy)
    rt_system_heap_init                      0x08002211   Thumb Code    96  mem.o(i.rt_system_heap_init)
    rt_system_scheduler_init                 0x080022bd   Thumb Code    44  scheduler.o(i.rt_system_scheduler_init)
    rt_system_scheduler_start                0x080022f1   Thumb Code    32  scheduler.o(i.rt_system_scheduler_start)
    rt_system_timer_init                     0x08002319   Thumb Code     8  timer.o(i.rt_system_timer_init)
    rt_system_timer_thread_init              0x08002325   Thumb Code     2  timer.o(i.rt_system_timer_thread_init)
    rt_thread_create                         0x08002327   Thumb Code    72  thread.o(i.rt_thread_create)
    rt_thread_delay                          0x0800236f   Thumb Code     4  thread.o(i.rt_thread_delay)
    rt_thread_exit                           0x08002375   Thumb Code    82  thread.o(i.rt_thread_exit)
    rt_thread_idle_excute                    0x080023d9   Thumb Code    70  idle.o(i.rt_thread_idle_excute)
    rt_thread_idle_init                      0x08002425   Thumb Code    40  idle.o(i.rt_thread_idle_init)
    rt_thread_init                           0x0800245d   Thumb Code    48  thread.o(i.rt_thread_init)
    rt_thread_resume                         0x0800248d   Thumb Code    60  thread.o(i.rt_thread_resume)
    rt_thread_self                           0x080024c9   Thumb Code     6  thread.o(i.rt_thread_self)
    rt_thread_sleep                          0x080024d5   Thumb Code    60  thread.o(i.rt_thread_sleep)
    rt_thread_startup                        0x08002515   Thumb Code    40  thread.o(i.rt_thread_startup)
    rt_thread_suspend                        0x08002541   Thumb Code    66  thread.o(i.rt_thread_suspend)
    rt_thread_timeout                        0x08002583   Thumb Code    32  thread.o(i.rt_thread_timeout)
    rt_thread_yield                          0x080025a5   Thumb Code    86  thread.o(i.rt_thread_yield)
    rt_tick_get                              0x08002605   Thumb Code     6  clock.o(i.rt_tick_get)
    rt_tick_increase                         0x08002611   Thumb Code    38  clock.o(i.rt_tick_increase)
    rt_timer_check                           0x0800263d   Thumb Code   136  timer.o(i.rt_timer_check)
    rt_timer_control                         0x080026c9   Thumb Code    72  timer.o(i.rt_timer_control)
    rt_timer_detach                          0x08002711   Thumb Code    40  timer.o(i.rt_timer_detach)
    rt_timer_init                            0x08002739   Thumb Code    40  timer.o(i.rt_timer_init)
    rt_timer_start                           0x08002761   Thumb Code   126  timer.o(i.rt_timer_start)
    rt_timer_stop                            0x080027e5   Thumb Code    46  timer.o(i.rt_timer_stop)
    rt_vsnprintf                             0x08002815   Thumb Code   634  kservice.o(i.rt_vsnprintf)
    rtthread_startup                         0x08002aa9   Thumb Code    42  components.o(i.rtthread_startup)
    AHBPrescTable                            0x08002ba4   Data          16  system_stm32f4xx.o(.constdata)
    APBPrescTable                            0x08002bb4   Data           8  system_stm32f4xx.o(.constdata)
    __lowest_bit_bitmap                      0x08002bbc   Data         256  kservice.o(.constdata)
    __rt_init_rti_start                      0x08002ce0   Data           4  components.o(.rti_fn.0)
    __rt_init_rti_board_start                0x08002ce4   Data           4  components.o(.rti_fn.0.end)
    __rt_init_uart_init                      0x08002ce8   Data           4  board.o(.rti_fn.1)
    __rt_init_rti_board_end                  0x08002cec   Data           4  components.o(.rti_fn.1.end)
    __rt_init_rti_end                        0x08002cf0   Data           4  components.o(.rti_fn.6.end)
    Region$$Table$$Base                      0x08002cf4   Number         0  anon$$obj.o(Region$$Table)
    Region$$Table$$Limit                     0x08002d14   Number         0  anon$$obj.o(Region$$Table)
    SystemCoreClock                          0x2000000c   Data           4  system_stm32f4xx.o(.data)
    uwTickFreq                               0x20000010   Data           1  stm32f4xx_hal.o(.data)
    uwTickPrio                               0x20000014   Data           4  stm32f4xx_hal.o(.data)
    uwTick                                   0x20000018   Data           4  stm32f4xx_hal.o(.data)
    rt_interrupt_nest                        0x20000020   Data           1  irq.o(.data)
    rt_current_priority                      0x2000009c   Data           1  scheduler.o(.data)
    rt_current_thread                        0x200000a0   Data           4  scheduler.o(.data)
    rt_thread_ready_priority_group           0x200000a4   Data           4  scheduler.o(.data)
    rt_thread_defunct                        0x200000a8   Data           8  scheduler.o(.data)
    rt_interrupt_from_thread                 0x200000c0   Data           4  cpuport.o(.data)
    rt_interrupt_to_thread                   0x200000c4   Data           4  cpuport.o(.data)
    rt_thread_switch_interrupt_flag          0x200000c8   Data           4  cpuport.o(.data)
    huart1                                   0x200000cc   Data          68  usart.o(.bss)
    rt_thread_priority_table                 0x20000330   Data         256  scheduler.o(.bss)
    __initial_sp                             0x20004478   Data           0  startup_stm32f429xx.o(STACK)



==============================================================================

Memory Map of the image

  Image Entry point : 0x080001ad

  Load Region LR_IROM1 (Base: 0x08000000, Size: 0x00002de0, Max: 0x00100000, ABSOLUTE)

    Execution Region ER_IROM1 (Exec base: 0x08000000, Load base: 0x08000000, Size: 0x00002d14, Max: 0x00100000, ABSOLUTE)

    Exec Addr    Load Addr    Size         Type   Attr      Idx    E Section Name        Object

    0x08000000   0x08000000   0x000001ac   Data   RO            3    RESET               startup_stm32f429xx.o
    0x080001ac   0x080001ac   0x00000000   Code   RO         3086  * .ARM.Collect$$$$00000000  mc_w.l(entry.o)
    0x080001ac   0x080001ac   0x00000004   Code   RO         3093    .ARM.Collect$$$$00000001  mc_w.l(entry2.o)
    0x080001b0   0x080001b0   0x00000004   Code   RO         3096    .ARM.Collect$$$$00000004  mc_w.l(entry5.o)
    0x080001b4   0x080001b4   0x00000000   Code   RO         3098    .ARM.Collect$$$$00000008  mc_w.l(entry7b.o)
    0x080001b4   0x080001b4   0x00000000   Code   RO         3100    .ARM.Collect$$$$0000000A  mc_w.l(entry8b.o)
    0x080001b4   0x080001b4   0x00000008   Code   RO         3101    .ARM.Collect$$$$0000000B  mc_w.l(entry9a.o)
    0x080001bc   0x080001bc   0x00000000   Code   RO         3103    .ARM.Collect$$$$0000000D  mc_w.l(entry10a.o)
    0x080001bc   0x080001bc   0x00000000   Code   RO         3105    .ARM.Collect$$$$0000000F  mc_w.l(entry11a.o)
    0x080001bc   0x080001bc   0x00000004   Code   RO         3094    .ARM.Collect$$$$00002712  mc_w.l(entry2.o)
    0x080001c0   0x080001c0   0x00000024   Code   RO            4    .text               startup_stm32f429xx.o
    0x080001e4   0x080001e4   0x00000134   Code   RO         1971    .text               context_rvds.o
    0x08000318   0x08000318   0x00000062   Code   RO         3089    .text               mc_w.l(uldiv.o)
    0x0800037a   0x0800037a   0x00000024   Code   RO         3091    .text               mc_w.l(memseta.o)
    0x0800039e   0x0800039e   0x0000001e   Code   RO         3107    .text               mc_w.l(llshl.o)
    0x080003bc   0x080003bc   0x00000020   Code   RO         3109    .text               mc_w.l(llushr.o)
    0x080003dc   0x080003dc   0x00000024   Code   RO         3111    .text               mc_w.l(init.o)
    0x08000400   0x08000400   0x0000000a   Code   RO         2016    i.$Sub$$main        components.o
    0x0800040a   0x0800040a   0x00000002   Code   RO          254    i.BusFault_Handler  stm32f4xx_it.o
    0x0800040c   0x0800040c   0x00000002   Code   RO          255    i.DebugMon_Handler  stm32f4xx_it.o
    0x0800040e   0x0800040e   0x00000004   Code   RO           13    i.Error_Handler     main.o
    0x08000412   0x08000412   0x00000002   PAD
    0x08000414   0x08000414   0x00000234   Code   RO          774    i.HAL_GPIO_Init     stm32f4xx_hal_gpio.o
    0x08000648   0x08000648   0x0000000a   Code   RO          776    i.HAL_GPIO_ReadPin  stm32f4xx_hal_gpio.o
    0x08000652   0x08000652   0x00000010   Code   RO          777    i.HAL_GPIO_TogglePin  stm32f4xx_hal_gpio.o
    0x08000662   0x08000662   0x0000000a   Code   RO          778    i.HAL_GPIO_WritePin  stm32f4xx_hal_gpio.o
    0x0800066c   0x0800066c   0x0000000c   Code   RO         1326    i.HAL_GetTick       stm32f4xx_hal.o
    0x08000678   0x08000678   0x00000034   Code   RO         1333    i.HAL_Init          stm32f4xx_hal.o
    0x080006ac   0x080006ac   0x00000040   Code   RO         1334    i.HAL_InitTick      stm32f4xx_hal.o
    0x080006ec   0x080006ec   0x00000030   Code   RO          305    i.HAL_MspInit       stm32f4xx_hal_msp.o
    0x0800071c   0x0800071c   0x00000040   Code   RO         1187    i.HAL_NVIC_SetPriority  stm32f4xx_hal_cortex.o
    0x0800075c   0x0800075c   0x00000024   Code   RO         1188    i.HAL_NVIC_SetPriorityGrouping  stm32f4xx_hal_cortex.o
    0x08000780   0x08000780   0x00000134   Code   RO          368    i.HAL_RCC_ClockConfig  stm32f4xx_hal_rcc.o
    0x080008b4   0x080008b4   0x0000000c   Code   RO          373    i.HAL_RCC_GetHCLKFreq  stm32f4xx_hal_rcc.o
    0x080008c0   0x080008c0   0x00000020   Code   RO          375    i.HAL_RCC_GetPCLK1Freq  stm32f4xx_hal_rcc.o
    0x080008e0   0x080008e0   0x00000020   Code   RO          376    i.HAL_RCC_GetPCLK2Freq  stm32f4xx_hal_rcc.o
    0x08000900   0x08000900   0x00000064   Code   RO          377    i.HAL_RCC_GetSysClockFreq  stm32f4xx_hal_rcc.o
    0x08000964   0x08000964   0x0000036c   Code   RO          380    i.HAL_RCC_OscConfig  stm32f4xx_hal_rcc.o
    0x08000cd0   0x08000cd0   0x00000028   Code   RO         1192    i.HAL_SYSTICK_Config  stm32f4xx_hal_cortex.o
    0x08000cf8   0x08000cf8   0x00000062   Code   RO         1646    i.HAL_UART_Init     stm32f4xx_hal_uart.o
    0x08000d5a   0x08000d5a   0x00000002   PAD
    0x08000d5c   0x08000d5c   0x0000006c   Code   RO          213    i.HAL_UART_MspInit  usart.o
    0x08000dc8   0x08000dc8   0x000000b2   Code   RO         1654    i.HAL_UART_Transmit  stm32f4xx_hal_uart.o
    0x08000e7a   0x08000e7a   0x00000002   PAD
    0x08000e7c   0x08000e7c   0x00000098   Code   RO          179    i.MX_GPIO_Init      gpio.o
    0x08000f14   0x08000f14   0x00000038   Code   RO          214    i.MX_USART1_UART_Init  usart.o
    0x08000f4c   0x08000f4c   0x00000002   Code   RO          256    i.MemManage_Handler  stm32f4xx_it.o
    0x08000f4e   0x08000f4e   0x00000002   Code   RO          257    i.NMI_Handler       stm32f4xx_it.o
    0x08000f50   0x08000f50   0x00000012   Code   RO         3029    i.SysTick_Handler   board.o
    0x08000f62   0x08000f62   0x00000002   PAD
    0x08000f64   0x08000f64   0x00000080   Code   RO           14    i.SystemClock_Config  main.o
    0x08000fe4   0x08000fe4   0x0000007c   Code   RO          329    i.SystemCoreClockUpdate  system_stm32f4xx.o
    0x08001060   0x08001060   0x00000010   Code   RO          330    i.SystemInit        system_stm32f4xx.o
    0x08001070   0x08001070   0x0000010c   Code   RO         1672    i.UART_SetConfig    stm32f4xx_hal_uart.o
    0x0800117c   0x0800117c   0x00000078   Code   RO         1675    i.UART_WaitOnFlagUntilTimeout  stm32f4xx_hal_uart.o
    0x080011f4   0x080011f4   0x00000002   Code   RO          258    i.UsageFault_Handler  stm32f4xx_it.o
    0x080011f6   0x080011f6   0x00000020   Code   RO         1194    i.__NVIC_SetPriority  stm32f4xx_hal_cortex.o
    0x08001216   0x08001216   0x00000002   PAD
    0x08001218   0x08001218   0x00000044   Code   RO         2366    i.__rt_ffs          kservice.o
    0x0800125c   0x0800125c   0x0000000e   Code   RO         3115    i.__scatterload_copy  mc_w.l(handlers.o)
    0x0800126a   0x0800126a   0x00000002   Code   RO         3116    i.__scatterload_null  mc_w.l(handlers.o)
    0x0800126c   0x0800126c   0x0000000e   Code   RO         3117    i.__scatterload_zeroinit  mc_w.l(handlers.o)
    0x0800127a   0x0800127a   0x00000002   PAD
    0x0800127c   0x0800127c   0x00000074   Code   RO         2757    i._rt_thread_init   thread.o
    0x080012f0   0x080012f0   0x0000001c   Code   RO         2887    i._rt_timer_init    timer.o
    0x0800130c   0x0800130c   0x00000006   Code   RO         2888    i._rt_timer_remove  timer.o
    0x08001312   0x08001312   0x0000001c   Code   RO         2758    i._thread_cleanup_execute  thread.o
    0x0800132e   0x0800132e   0x00000002   PAD
    0x08001330   0x08001330   0x000000cc   Code   RO           15    i.main              main.o
    0x080013fc   0x080013fc   0x0000000e   Code   RO         2017    i.main_thread_entry  components.o
    0x0800140a   0x0800140a   0x00000002   PAD
    0x0800140c   0x0800140c   0x00000054   Code   RO         2540    i.plug_holes        mem.o
    0x08001460   0x08001460   0x00000130   Code   RO         2368    i.print_number      kservice.o
    0x08001590   0x08001590   0x00000074   Code   RO           16    i.receive_thread_entry  main.o
    0x08001604   0x08001604   0x0000002c   Code   RO         2018    i.rt_application_init  components.o
    0x08001630   0x08001630   0x0000001c   Code   RO         2019    i.rt_components_board_init  components.o
    0x0800164c   0x0800164c   0x0000001c   Code   RO         2020    i.rt_components_init  components.o
    0x08001668   0x08001668   0x0000001c   Code   RO         2690    i.rt_enter_critical  scheduler.o
    0x08001684   0x08001684   0x00000020   Code   RO         2125    i.rt_event_create   ipc.o
    0x080016a4   0x080016a4   0x000000d0   Code   RO         2129    i.rt_event_recv     ipc.o
    0x08001774   0x08001774   0x00000092   Code   RO         2130    i.rt_event_send     ipc.o
    0x08001806   0x08001806   0x00000002   PAD
    0x08001808   0x08001808   0x00000038   Code   RO         2691    i.rt_exit_critical  scheduler.o
    0x08001840   0x08001840   0x000000c4   Code   RO         2542    i.rt_free           mem.o
    0x08001904   0x08001904   0x00000008   Code   RO         3030    i.rt_heap_begin_get  board.o
    0x0800190c   0x0800190c   0x00000008   Code   RO         3031    i.rt_heap_end_get   board.o
    0x08001914   0x08001914   0x00000036   Code   RO         3032    i.rt_hw_board_init  board.o
    0x0800194a   0x0800194a   0x00000002   PAD
    0x0800194c   0x0800194c   0x00000048   Code   RO         3033    i.rt_hw_console_output  board.o
    0x08001994   0x08001994   0x00000210   Code   RO         2987    i.rt_hw_hard_fault_exception  cpuport.o
    0x08001ba4   0x08001ba4   0x0000003c   Code   RO         2988    i.rt_hw_stack_init  cpuport.o
    0x08001be0   0x08001be0   0x0000001c   Code   RO         2339    i.rt_interrupt_enter  irq.o
    0x08001bfc   0x08001bfc   0x0000001c   Code   RO         2341    i.rt_interrupt_leave  irq.o
    0x08001c18   0x08001c18   0x0000000e   Code   RO         2131    i.rt_ipc_list_resume  ipc.o
    0x08001c26   0x08001c26   0x00000002   PAD
    0x08001c28   0x08001c28   0x00000052   Code   RO         2133    i.rt_ipc_list_suspend  ipc.o
    0x08001c7a   0x08001c7a   0x00000002   PAD
    0x08001c7c   0x08001c7c   0x00000020   Code   RO         2372    i.rt_kprintf        kservice.o
    0x08001c9c   0x08001c9c   0x0000000e   Code   RO         2602    i.rt_list_insert_after  object.o
    0x08001caa   0x08001caa   0x0000000e   Code   RO         2759    i.rt_list_insert_after  thread.o
    0x08001cb8   0x08001cb8   0x0000000e   Code   RO         2889    i.rt_list_insert_after  timer.o
    0x08001cc6   0x08001cc6   0x0000000e   Code   RO         2134    i.rt_list_insert_before  ipc.o
    0x08001cd4   0x08001cd4   0x00000012   Code   RO         2603    i.rt_list_remove    object.o
    0x08001ce6   0x08001ce6   0x00000012   Code   RO         2760    i.rt_list_remove    thread.o
    0x08001cf8   0x08001cf8   0x00000012   Code   RO         2890    i.rt_list_remove    timer.o
    0x08001d0a   0x08001d0a   0x00000002   PAD
    0x08001d0c   0x08001d0c   0x000000f0   Code   RO         2543    i.rt_malloc         mem.o
    0x08001dfc   0x08001dfc   0x00000046   Code   RO         2378    i.rt_memset         kservice.o
    0x08001e42   0x08001e42   0x00000050   Code   RO         2604    i.rt_object_allocate  object.o
    0x08001e92   0x08001e92   0x00000026   Code   RO         2605    i.rt_object_delete  object.o
    0x08001eb8   0x08001eb8   0x00000020   Code   RO         2606    i.rt_object_detach  object.o
    0x08001ed8   0x08001ed8   0x00000024   Code   RO         2608    i.rt_object_get_information  object.o
    0x08001efc   0x08001efc   0x00000050   Code   RO         2612    i.rt_object_init    object.o
    0x08001f4c   0x08001f4c   0x0000000e   Code   RO         2613    i.rt_object_is_systemobject  object.o
    0x08001f5a   0x08001f5a   0x00000002   PAD
    0x08001f5c   0x08001f5c   0x00000058   Code   RO         2692    i.rt_schedule       scheduler.o
    0x08001fb4   0x08001fb4   0x00000050   Code   RO         2693    i.rt_schedule_insert_thread  scheduler.o
    0x08002004   0x08002004   0x00000048   Code   RO         2694    i.rt_schedule_remove_thread  scheduler.o
    0x0800204c   0x0800204c   0x00000024   Code   RO         2155    i.rt_sem_init       ipc.o
    0x08002070   0x08002070   0x00000048   Code   RO         2156    i.rt_sem_release    ipc.o
    0x080020b8   0x080020b8   0x0000006e   Code   RO         2157    i.rt_sem_take       ipc.o
    0x08002126   0x08002126   0x00000002   PAD
    0x08002128   0x08002128   0x000000b0   Code   RO         2380    i.rt_show_version   kservice.o
    0x080021d8   0x080021d8   0x00000010   Code   RO         2386    i.rt_strlen         kservice.o
    0x080021e8   0x080021e8   0x00000026   Code   RO         2388    i.rt_strncpy        kservice.o
    0x0800220e   0x0800220e   0x00000002   PAD
    0x08002210   0x08002210   0x000000ac   Code   RO         2546    i.rt_system_heap_init  mem.o
    0x080022bc   0x080022bc   0x00000034   Code   RO         2695    i.rt_system_scheduler_init  scheduler.o
    0x080022f0   0x080022f0   0x00000028   Code   RO         2696    i.rt_system_scheduler_start  scheduler.o
    0x08002318   0x08002318   0x0000000c   Code   RO         2891    i.rt_system_timer_init  timer.o
    0x08002324   0x08002324   0x00000002   Code   RO         2892    i.rt_system_timer_thread_init  timer.o
    0x08002326   0x08002326   0x00000048   Code   RO         2762    i.rt_thread_create  thread.o
    0x0800236e   0x0800236e   0x00000004   Code   RO         2763    i.rt_thread_delay   thread.o
    0x08002372   0x08002372   0x00000002   PAD
    0x08002374   0x08002374   0x0000005c   Code   RO         2767    i.rt_thread_exit    thread.o
    0x080023d0   0x080023d0   0x00000006   Code   RO         2089    i.rt_thread_idle_entry  idle.o
    0x080023d6   0x080023d6   0x00000002   PAD
    0x080023d8   0x080023d8   0x0000004c   Code   RO         2090    i.rt_thread_idle_excute  idle.o
    0x08002424   0x08002424   0x00000038   Code   RO         2092    i.rt_thread_idle_init  idle.o
    0x0800245c   0x0800245c   0x00000030   Code   RO         2769    i.rt_thread_init    thread.o
    0x0800248c   0x0800248c   0x0000003c   Code   RO         2771    i.rt_thread_resume  thread.o
    0x080024c8   0x080024c8   0x0000000c   Code   RO         2772    i.rt_thread_self    thread.o
    0x080024d4   0x080024d4   0x00000040   Code   RO         2773    i.rt_thread_sleep   thread.o
    0x08002514   0x08002514   0x0000002c   Code   RO         2774    i.rt_thread_startup  thread.o
    0x08002540   0x08002540   0x00000042   Code   RO         2775    i.rt_thread_suspend  thread.o
    0x08002582   0x08002582   0x00000020   Code   RO         2776    i.rt_thread_timeout  thread.o
    0x080025a2   0x080025a2   0x00000002   PAD
    0x080025a4   0x080025a4   0x00000060   Code   RO         2777    i.rt_thread_yield   thread.o
    0x08002604   0x08002604   0x0000000c   Code   RO         1977    i.rt_tick_get       clock.o
    0x08002610   0x08002610   0x0000002c   Code   RO         1978    i.rt_tick_increase  clock.o
    0x0800263c   0x0800263c   0x0000008c   Code   RO         2893    i.rt_timer_check    timer.o
    0x080026c8   0x080026c8   0x00000048   Code   RO         2894    i.rt_timer_control  timer.o
    0x08002710   0x08002710   0x00000028   Code   RO         2897    i.rt_timer_detach   timer.o
    0x08002738   0x08002738   0x00000028   Code   RO         2898    i.rt_timer_init     timer.o
    0x08002760   0x08002760   0x00000084   Code   RO         2900    i.rt_timer_start    timer.o
    0x080027e4   0x080027e4   0x0000002e   Code   RO         2901    i.rt_timer_stop     timer.o
    0x08002812   0x08002812   0x00000002   PAD
    0x08002814   0x08002814   0x00000284   Code   RO         2391    i.rt_vsnprintf      kservice.o
    0x08002a98   0x08002a98   0x00000004   Code   RO         2021    i.rti_board_end     components.o
    0x08002a9c   0x08002a9c   0x00000004   Code   RO         2022    i.rti_board_start   components.o
    0x08002aa0   0x08002aa0   0x00000004   Code   RO         2023    i.rti_end           components.o
    0x08002aa4   0x08002aa4   0x00000004   Code   RO         2024    i.rti_start         components.o
    0x08002aa8   0x08002aa8   0x0000002a   Code   RO         2025    i.rtthread_startup  components.o
    0x08002ad2   0x08002ad2   0x00000002   PAD
    0x08002ad4   0x08002ad4   0x00000074   Code   RO           17    i.send_thread_entry  main.o
    0x08002b48   0x08002b48   0x00000028   Code   RO         2393    i.skip_atoi         kservice.o
    0x08002b70   0x08002b70   0x00000034   Code   RO         3034    i.uart_init         board.o
    0x08002ba4   0x08002ba4   0x00000010   Data   RO          331    .constdata          system_stm32f4xx.o
    0x08002bb4   0x08002bb4   0x00000008   Data   RO          332    .constdata          system_stm32f4xx.o
    0x08002bbc   0x08002bbc   0x00000122   Data   RO         2395    .constdata          kservice.o
    0x08002cde   0x08002cde   0x00000002   PAD
    0x08002ce0   0x08002ce0   0x00000004   Data   RO         2026    .rti_fn.0           components.o
    0x08002ce4   0x08002ce4   0x00000004   Data   RO         2027    .rti_fn.0.end       components.o
    0x08002ce8   0x08002ce8   0x00000004   Data   RO         3036    .rti_fn.1           board.o
    0x08002cec   0x08002cec   0x00000004   Data   RO         2028    .rti_fn.1.end       components.o
    0x08002cf0   0x08002cf0   0x00000004   Data   RO         2029    .rti_fn.6.end       components.o
    0x08002cf4   0x08002cf4   0x00000020   Data   RO         3113    Region$$Table       anon$$obj.o


    Execution Region RW_IRAM2 (Exec base: 0x10000000, Load base: 0x08002de0, Size: 0x00000000, Max: 0x00010000, ABSOLUTE)

    **** No section assigned to this execution region ****


    Execution Region RW_IRAM1 (Exec base: 0x20000000, Load base: 0x08002d14, Size: 0x00004478, Max: 0x00030000, ABSOLUTE)

    Exec Addr    Load Addr    Size         Type   Attr      Idx    E Section Name        Object

    0x20000000   0x08002d14   0x0000000c   Data   RW           18    .data               main.o
    0x2000000c   0x08002d20   0x00000004   Data   RW          333    .data               system_stm32f4xx.o
    0x20000010   0x08002d24   0x0000000c   Data   RW         1340    .data               stm32f4xx_hal.o
    0x2000001c   0x08002d30   0x00000004   Data   RW         1980    .data               clock.o
    0x20000020   0x08002d34   0x00000001   Data   RW         2342    .data               irq.o
    0x20000021   0x08002d35   0x00000003   PAD
    0x20000024   0x08002d38   0x00000018   Data   RW         2548    .data               mem.o
    0x2000003c   0x08002d50   0x00000060   Data   RW         2615    .data               object.o
    0x2000009c   0x08002db0   0x00000014   Data   RW         2698    .data               scheduler.o
    0x200000b0   0x08002dc4   0x0000000c   Data   RW         2902    .data               timer.o
    0x200000bc   0x08002dd0   0x00000004   Data   RW         2989    .data               cpuport.o
    0x200000c0   0x08002dd4   0x00000004   Data   RW         2990    .data               cpuport.o
    0x200000c4   0x08002dd8   0x00000004   Data   RW         2991    .data               cpuport.o
    0x200000c8   0x08002ddc   0x00000004   Data   RW         2992    .data               cpuport.o
    0x200000cc        -       0x00000044   Zero   RW          215    .bss                usart.o
    0x20000110        -       0x00000180   Zero   RW         2093    .bss                idle.o
    0x20000290        -       0x00000080   Zero   RW         2394    .bss                kservice.o
    0x20000310        -       0x00000020   Zero   RW         2547    .bss                mem.o
    0x20000330        -       0x00000100   Zero   RW         2697    .bss                scheduler.o
    0x20000430        -       0x00003c44   Zero   RW         3035    .bss                board.o
    0x20004074   0x08002de0   0x00000004   PAD
    0x20004078        -       0x00000400   Zero   RW            1    STACK               startup_stm32f429xx.o


==============================================================================

Image component sizes


      Code (inc. data)   RO Data    RW Data    ZI Data      Debug   Object Name

       212         24          4          0      15428       4776   board.o
        56         12          0          4          0       1381   clock.o
       182         28         16          0          0       6762   components.o
       308         28          0          0          0        956   context_rvds.o
       588        344          0         16          0       4362   cpuport.o
       152         18          0          0          0        931   gpio.o
       138         22          0          0        384       5426   idle.o
       714          0          0          0          0      10979   ipc.o
        56         12          0          1          0       1854   irq.o
      1388        158        290          0        128      11020   kservice.o
       568        190          0         12          0     728674   main.o
       692        172          0         24         32       4348   mem.o
       312          6          0         96          0       9208   object.o
       416         56          0         20        256       8962   scheduler.o
        36          8        428          0       1024        832   startup_stm32f429xx.o
       128         20          0         12          0       8827   stm32f4xx_hal.o
       172         14          0          0          0      33786   stm32f4xx_hal_cortex.o
       600         54          0          0          0       3916   stm32f4xx_hal_gpio.o
        48          6          0          0          0        850   stm32f4xx_hal_msp.o
      1360         82          0          0          0       6268   stm32f4xx_hal_rcc.o
       664         10          0          0          0       4588   stm32f4xx_hal_uart.o
        10          0          0          0          0       2305   stm32f4xx_it.o
       140         24         24          4          0       1919   system_stm32f4xx.o
       766         42          0          0          0      13854   thread.o
       550         20          0         12          0      12164   timer.o
       164         22          0          0         68       1706   usart.o

    ----------------------------------------------------------------------
     10460       1372        796        204      17324     890654   Object Totals
         0          0         32          0          0          0   (incl. Generated)
        40          0          2          3          4          0   (incl. Padding)

    ----------------------------------------------------------------------

      Code (inc. data)   RO Data    RW Data    ZI Data      Debug   Library Member Name

         0          0          0          0          0          0   entry.o
         0          0          0          0          0          0   entry10a.o
         0          0          0          0          0          0   entry11a.o
         8          4          0          0          0          0   entry2.o
         4          0          0          0          0          0   entry5.o
         0          0          0          0          0          0   entry7b.o
         0          0          0          0          0          0   entry8b.o
         8          4          0          0          0          0   entry9a.o
        30          0          0          0          0          0   handlers.o
        36          8          0          0          0         68   init.o
        30          0          0          0          0         68   llshl.o
        32          0          0          0          0         68   llushr.o
        36          0          0          0          0        108   memseta.o
        98          0          0          0          0         92   uldiv.o

    ----------------------------------------------------------------------
       284         16          0          0          0        404   Library Totals
         2          0          0          0          0          0   (incl. Padding)

    ----------------------------------------------------------------------

      Code (inc. data)   RO Data    RW Data    ZI Data      Debug   Library Name

       282         16          0          0          0        404   mc_w.l

    ----------------------------------------------------------------------
       284         16          0          0          0        404   Library Totals

    ----------------------------------------------------------------------

==============================================================================


      Code (inc. data)   RO Data    RW Data    ZI Data      Debug   

     10744       1388        796        204      17324     879258   Grand Totals
     10744       1388        796        204      17324     879258   ELF Image Totals
     10744       1388        796        204          0          0   ROM Totals

==============================================================================

    Total RO  Size (Code + RO Data)                11540 (  11.27kB)
    Total RW  Size (RW Data + ZI Data)             17528 (  17.12kB)
    Total ROM Size (Code + RO Data + RW Data)      11744 (  11.47kB)

==============================================================================

